Archive member included because of file (symbol)

build/SKY/contiki-ng-SKY.a(uart1-putchar.o)
                              dct_transformer.o (putchar)
build/SKY/contiki-ng-SKY.a(platform.o)
                              build/SKY/obj/contiki-main.o (platform_init_stage_one)
build/SKY/contiki-ng-SKY.a(msp430.o)
                              build/SKY/contiki-ng-SKY.a(platform.o) (msp430_dco_required)
build/SKY/contiki-ng-SKY.a(clock.o)
                              dct_transformer.o (clock_init)
build/SKY/contiki-ng-SKY.a(leds.o)
                              build/SKY/contiki-ng-SKY.a(platform.o) (leds_init)
build/SKY/contiki-ng-SKY.a(leds-arch.o)
                              build/SKY/contiki-ng-SKY.a(leds.o) (leds_arch_init)
build/SKY/contiki-ng-SKY.a(watchdog.o)
                              build/SKY/obj/contiki-main.o (watchdog_start)
build/SKY/contiki-ng-SKY.a(autostart.o)
                              build/SKY/obj/contiki-main.o (autostart_start)
build/SKY/contiki-ng-SKY.a(energest.o)
                              build/SKY/obj/contiki-main.o (energest_init)
build/SKY/contiki-ng-SKY.a(etimer.o)
                              build/SKY/contiki-ng-SKY.a(clock.o) (etimer_request_poll)
build/SKY/contiki-ng-SKY.a(log.o)
                              build/SKY/obj/contiki-main.o (log_lladdr)
build/SKY/contiki-ng-SKY.a(ctimer.o)
                              build/SKY/obj/contiki-main.o (ctimer_init)
build/SKY/contiki-ng-SKY.a(rtimer.o)
                              build/SKY/obj/contiki-main.o (rtimer_init)
build/SKY/contiki-ng-SKY.a(node-id.o)
                              build/SKY/obj/contiki-main.o (node_id_init)
build/SKY/contiki-ng-SKY.a(process.o)
                              build/SKY/contiki-ng-SKY.a(etimer.o) (process_current)
build/SKY/contiki-ng-SKY.a(timer.o)
                              build/SKY/contiki-ng-SKY.a(platform.o) (timer_set)
build/SKY/contiki-ng-SKY.a(stack-check.o)
                              build/SKY/obj/contiki-main.o (stack_check_init)
build/SKY/contiki-ng-SKY.a(list.o)
                              build/SKY/contiki-ng-SKY.a(ctimer.o) (list_init)
build/SKY/contiki-ng-SKY.a(random.o)
                              build/SKY/contiki-ng-SKY.a(platform.o) (random_init)
build/SKY/contiki-ng-SKY.a(serial-line.o)
                              build/SKY/contiki-ng-SKY.a(platform.o) (serial_line_input_byte)
build/SKY/contiki-ng-SKY.a(queuebuf.o)
                              build/SKY/obj/contiki-main.o (queuebuf_init)
build/SKY/contiki-ng-SKY.a(packetbuf.o)
                              build/SKY/contiki-ng-SKY.a(queuebuf.o) (packetbuf_copyto)
build/SKY/contiki-ng-SKY.a(netstack.o)
                              build/SKY/obj/contiki-main.o (netstack_init)
build/SKY/contiki-ng-SKY.a(linkaddr.o)
                              build/SKY/contiki-ng-SKY.a(platform.o) (linkaddr_copy)
build/SKY/contiki-ng-SKY.a(csma.o)
                              build/SKY/obj/contiki-main.o (csma_driver)
build/SKY/contiki-ng-SKY.a(csma-output.o)
                              build/SKY/contiki-ng-SKY.a(csma.o) (csma_output_packet)
build/SKY/contiki-ng-SKY.a(nullnet.o)
                              build/SKY/obj/contiki-main.o (nullnet_driver)
build/SKY/contiki-ng-SKY.a(nullrouting.o)
                              build/SKY/obj/contiki-main.o (nullrouting_driver)
build/SKY/contiki-ng-SKY.a(contiki-sky-pla)
                              build/SKY/contiki-ng-SKY.a(platform.o) (init_platform)
build/SKY/contiki-ng-SKY.a(button-sensor.o)
                              build/SKY/contiki-ng-SKY.a(contiki-sky-pla) (button_sensor)
build/SKY/contiki-ng-SKY.a(ds2411.o)
                              build/SKY/contiki-ng-SKY.a(platform.o) (ds2411_init)
build/SKY/contiki-ng-SKY.a(xmem.o)
                              build/SKY/contiki-ng-SKY.a(platform.o) (xmem_init)
build/SKY/contiki-ng-SKY.a(sensors.o)
                              build/SKY/contiki-ng-SKY.a(button-sensor.o) (sensors_changed)
build/SKY/contiki-ng-SKY.a(cc2420.o)
                              build/SKY/contiki-ng-SKY.a(platform.o) (cc2420_set_pan_addr)
build/SKY/contiki-ng-SKY.a(cc2420-arch.o)
                              build/SKY/contiki-ng-SKY.a(cc2420.o) (cc2420_arch_init)
build/SKY/contiki-ng-SKY.a(uart1.o)
                              build/SKY/contiki-ng-SKY.a(platform.o) (uart1_active)
build/SKY/contiki-ng-SKY.a(rtimer-arch.o)
                              build/SKY/contiki-ng-SKY.a(rtimer.o) (rtimer_arch_init)
build/SKY/contiki-ng-SKY.a(memb.o)
                              build/SKY/contiki-ng-SKY.a(queuebuf.o) (memb_init)
build/SKY/contiki-ng-SKY.a(ringbuf.o)
                              build/SKY/contiki-ng-SKY.a(serial-line.o) (ringbuf_init)
build/SKY/contiki-ng-SKY.a(mac-sequence.o)
                              build/SKY/contiki-ng-SKY.a(csma.o) (mac_sequence_is_duplicate)
build/SKY/contiki-ng-SKY.a(mac.o)
                              build/SKY/contiki-ng-SKY.a(csma-output.o) (mac_call_sent_callback)
[...]
Memory Configuration

Name             Origin             Length             Attributes
sfr              0x00000000         0x00000010
peripheral_8bit  0x00000010         0x000000f0
peripheral_16bit 0x00000100         0x00000100
ram_mirror       0x00000200         0x00000800         xw
infomem          0x00001000         0x00000100
infob            0x00001000         0x00000080
infoa            0x00001080         0x00000080
ram              0x00001100         0x00002800         xw
rom              0x00004000         0x0000bfe0         xr
vectors          0x0000ffe0         0x00000020
bsl              0x00000000         0x00000000
infoc            0x00000000         0x00000000
infod            0x00000000         0x00000000
ram2             0x00000000         0x00000000         xw
usbram           0x00000000         0x00000000         xw
far_rom          0x00000000         0x00000000
*default*        0x00000000         0xffffffff

Linker script and memory map

LOAD /usr/local/bin/../lib/gcc/msp430/4.7.2/mmpy-16/crt0ivtbl16.o
                0x00002498                _stack = _end
LOAD dct_transformer.o
LOAD build/SKY/obj/contiki-main.o
LOAD build/SKY/contiki-ng-SKY.a
LOAD /usr/local/bin/../lib/gcc/msp430/4.7.2/../../../../msp430/lib/mmpy-16/libm.a
LOAD /usr/local/bin/../lib/gcc/msp430/4.7.2/mmpy-16/libgcc.a
LOAD /usr/local/bin/../lib/gcc/msp430/4.7.2/../../../../msp430/lib/mmpy-16/libc.a
LOAD /usr/local/bin/../lib/gcc/msp430/4.7.2/mmpy-16/libgcc.a
LOAD /usr/local/bin/../lib/gcc/msp430/4.7.2/mmpy-16/libcrt0.a
                0x00000080                PROVIDE (__info_segment_size, 0x80)
                0x00001000                PROVIDE (__infob, 0x1000)
                0x00001080                PROVIDE (__infoa, 0x1080)
                0x00000000                __IE1 = 0x0
                0x00000002                __IFG1 = 0x2
                0x00000004                __ME1 = 0x4
                0x00000001                __IE2 = 0x1
                0x00000003                __IFG2 = 0x3
                0x00000005                __ME2 = 0x5
                0x00000120                __WDTCTL = 0x120
                0x00000130                __MPY = 0x130
                0x00000132                __MPYS = 0x132
                0x00000134                __MAC = 0x134
                0x00000136                __MACS = 0x136
                0x00000138                __OP2 = 0x138
                0x0000013a                __RESLO = 0x13a
                0x0000013c                __RESHI = 0x13c
                0x0000013e                __SUMEXT = 0x13e
                0x00000020                __P1IN = 0x20
                0x00000021                __P1OUT = 0x21
                0x00000022                __P1DIR = 0x22
                0x00000023                __P1IFG = 0x23
                0x00000024                __P1IES = 0x24
                0x00000025                __P1IE = 0x25
                0x00000026                __P1SEL = 0x26
                0x00000028                __P2IN = 0x28
                0x00000029                __P2OUT = 0x29
                0x0000002a                __P2DIR = 0x2a
                0x0000002b                __P2IFG = 0x2b
                0x0000002c                __P2IES = 0x2c
                0x0000002d                __P2IE = 0x2d
                0x0000002e                __P2SEL = 0x2e
                0x00000018                __P3IN = 0x18
                0x00000019                __P3OUT = 0x19
                0x0000001a                __P3DIR = 0x1a
                0x0000001b                __P3SEL = 0x1b
                0x0000001c                __P4IN = 0x1c
                0x0000001d                __P4OUT = 0x1d
                0x0000001e                __P4DIR = 0x1e
                0x0000001f                __P4SEL = 0x1f
                0x00000030                __P5IN = 0x30
                0x00000031                __P5OUT = 0x31
                0x00000032                __P5DIR = 0x32
                0x00000033                __P5SEL = 0x33
                0x00000034                __P6IN = 0x34
                0x00000035                __P6OUT = 0x35
                0x00000036                __P6DIR = 0x36
                0x00000037                __P6SEL = 0x37
                0x00000070                __U0CTL = 0x70
                0x00000071                __U0TCTL = 0x71
                0x00000072                __U0RCTL = 0x72
                0x00000073                __U0MCTL = 0x73
                0x00000074                __U0BR0 = 0x74
                0x00000075                __U0BR1 = 0x75
                0x00000076                __U0RXBUF = 0x76
                0x00000077                __U0TXBUF = 0x77
                0x00000078                __U1CTL = 0x78
                0x00000079                __U1TCTL = 0x79
                0x0000007a                __U1RCTL = 0x7a
                0x0000007b                __U1MCTL = 0x7b
                0x0000007c                __U1BR0 = 0x7c
                0x0000007d                __U1BR1 = 0x7d
                0x0000007e                __U1RXBUF = 0x7e
                0x0000007f                __U1TXBUF = 0x7f
                0x00000050                __I2CIE = 0x50
                0x00000051                __I2CIFG = 0x51
                0x00000052                __I2CNDAT = 0x52
                0x00000071                __I2CTCTL = 0x71
                0x00000072                __I2CDCTL = 0x72
                0x00000073                __I2CPSC = 0x73
                0x00000074                __I2CSCLH = 0x74
                0x00000075                __I2CSCLL = 0x75
                0x00000076                __I2CDRB = 0x76
                0x00000076                __I2CDRW = 0x76
                0x00000118                __I2COA = 0x118
                0x0000011a                __I2CSA = 0x11a
                0x0000011c                __I2CIV = 0x11c
                0x0000012e                __TAIV = 0x12e
                0x00000160                __TACTL = 0x160
                0x00000162                __TACCTL0 = 0x162
                0x00000164                __TACCTL1 = 0x164
                0x00000166                __TACCTL2 = 0x166
                0x00000170                __TAR = 0x170
                0x00000172                __TACCR0 = 0x172
                0x00000174                __TACCR1 = 0x174
                0x00000176                __TACCR2 = 0x176
                0x0000011e                __TBIV = 0x11e
                0x00000180                __TBCTL = 0x180
                0x00000182                __TBCCTL0 = 0x182
                0x00000184                __TBCCTL1 = 0x184
                0x00000186                __TBCCTL2 = 0x186
                0x00000188                __TBCCTL3 = 0x188
                0x0000018a                __TBCCTL4 = 0x18a
                0x0000018c                __TBCCTL5 = 0x18c
                0x0000018e                __TBCCTL6 = 0x18e
                0x00000190                __TBR = 0x190
                0x00000192                __TBCCR0 = 0x192
                0x00000194                __TBCCR1 = 0x194
                0x00000196                __TBCCR2 = 0x196
                0x00000198                __TBCCR3 = 0x198
                0x0000019a                __TBCCR4 = 0x19a
                0x0000019c                __TBCCR5 = 0x19c
                0x0000019e                __TBCCR6 = 0x19e
                0x00000056                __DCOCTL = 0x56
                0x00000057                __BCSCTL1 = 0x57
                0x00000058                __BCSCTL2 = 0x58
                0x00000055                __SVSCTL = 0x55
                0x00000128                __FCTL1 = 0x128
                0x0000012a                __FCTL2 = 0x12a
                0x0000012c                __FCTL3 = 0x12c
                0x00000059                __CACTL1 = 0x59
                0x0000005a                __CACTL2 = 0x5a
                0x0000005b                __CAPD = 0x5b
                0x000001a0                __ADC12CTL0 = 0x1a0
                0x000001a2                __ADC12CTL1 = 0x1a2
                0x000001a4                __ADC12IFG = 0x1a4
                0x000001a6                __ADC12IE = 0x1a6
                0x000001a8                __ADC12IV = 0x1a8
                0x00000140                __ADC12MEM0 = 0x140
                0x00000142                __ADC12MEM1 = 0x142
                0x00000144                __ADC12MEM2 = 0x144
                0x00000146                __ADC12MEM3 = 0x146
                0x00000148                __ADC12MEM4 = 0x148
                0x0000014a                __ADC12MEM5 = 0x14a
                0x0000014c                __ADC12MEM6 = 0x14c
                0x0000014e                __ADC12MEM7 = 0x14e
                0x00000150                __ADC12MEM8 = 0x150
                0x00000152                __ADC12MEM9 = 0x152
                0x00000154                __ADC12MEM10 = 0x154
                0x00000156                __ADC12MEM11 = 0x156
                0x00000158                __ADC12MEM12 = 0x158
                0x0000015a                __ADC12MEM13 = 0x15a
                0x0000015c                __ADC12MEM14 = 0x15c
                0x0000015e                __ADC12MEM15 = 0x15e
                0x00000080                __ADC12MCTL0 = 0x80
                0x00000081                __ADC12MCTL1 = 0x81
                0x00000082                __ADC12MCTL2 = 0x82
                0x00000083                __ADC12MCTL3 = 0x83
                0x00000084                __ADC12MCTL4 = 0x84
                0x00000085                __ADC12MCTL5 = 0x85
                0x00000086                __ADC12MCTL6 = 0x86
                0x00000087                __ADC12MCTL7 = 0x87
                0x00000088                __ADC12MCTL8 = 0x88
                0x00000089                __ADC12MCTL9 = 0x89
                0x0000008a                __ADC12MCTL10 = 0x8a
                0x0000008b                __ADC12MCTL11 = 0x8b
                0x0000008c                __ADC12MCTL12 = 0x8c
                0x0000008d                __ADC12MCTL13 = 0x8d
                0x0000008e                __ADC12MCTL14 = 0x8e
                0x0000008f                __ADC12MCTL15 = 0x8f
                0x000001c0                __DAC12_0CTL = 0x1c0
                0x000001c2                __DAC12_1CTL = 0x1c2
                0x000001c8                __DAC12_0DAT = 0x1c8
                0x000001ca                __DAC12_1DAT = 0x1ca
                0x00000122                __DMACTL0 = 0x122
                0x00000124                __DMACTL1 = 0x124
                0x000001e0                __DMA0CTL = 0x1e0
                0x000001e8                __DMA1CTL = 0x1e8
                0x000001f0                __DMA2CTL = 0x1f0
                0x000001e2                __DMA0SA = 0x1e2
                0x000001e4                __DMA0DA = 0x1e4
                0x000001e6                __DMA0SZ = 0x1e6
                0x000001ea                __DMA1SA = 0x1ea
                0x000001ec                __DMA1DA = 0x1ec
                0x000001ee                __DMA1SZ = 0x1ee
                0x000001f2                __DMA2SA = 0x1f2
                0x000001f4                __DMA2DA = 0x1f4
                0x000001f6                __DMA2SZ = 0x1f6

.hash
 *(.hash)

.dynsym
 *(.dynsym)

.dynstr
 *(.dynstr)

.gnu.version
 *(.gnu.version)

.gnu.version_d
 *(.gnu.version_d)

.gnu.version_r
 *(.gnu.version_r)

.rel.init
 *(.rel.init)

.rela.init
 *(.rela.init)

.rel.fini
 *(.rel.fini)

.rela.fini
 *(.rela.fini)

.rel.text
 *(.rel.text .rel.text.* .rel.gnu.linkonce.t.*)

.rela.text
 *(.rela.text .rela.text.* .rela.gnu.linkonce.t.*)

.rel.rodata
 *(.rel.rodata .rel.rodata.* .rel.gnu.linkonce.r.*)

.rela.rodata
 *(.rela.rodata .rela.rodata.* .rela.gnu.linkonce.r.*)

.rel.data
 *(.rel.data .rel.data.* .rel.gnu.linkonce.d.*)

.rela.data
 *(.rela.data .rela.data.* .rela.gnu.linkonce.d.*)

.rel.bss
 *(.rel.bss .rel.bss.* .rel.gnu.linkonce.b.*)

.rela.bss
 *(.rela.bss .rela.bss.* .rela.gnu.linkonce.b.*)

.rel.ctors
 *(.rel.ctors)

.rela.ctors
 *(.rela.ctors)

.rel.dtors
 *(.rel.dtors)

.rela.dtors
 *(.rela.dtors)

.rel.got
 *(.rel.got)

.rela.got
 *(.rela.got)

.rel.plt
 *(.rel.plt)

.rela.plt
 *(.rela.plt)

.text           0x00004000     0x6990
                0x00004000                . = ALIGN (0x2)
 *(.init .init.*)
 *(.init0)
 .init0         0x00004000        0x0 /usr/local/bin/../lib/gcc/msp430/4.7.2/mmpy-16/libcrt0.a(_reset_vector__.o)
                0x00004000                _reset_vector__
 *(.init1)
 .init1         0x00004000        0xc /usr/local/bin/../lib/gcc/msp430/4.7.2/mmpy-16/libcrt0.a(__watchdog_support.o)
                0x00004000                __watchdog_support
 *(.init2)
 .init2         0x0000400c        0x4 /usr/local/bin/../lib/gcc/msp430/4.7.2/mmpy-16/libcrt0.a(__init_stack.o)
                0x0000400c                __init_stack
 *(.init3)
 .init3         0x00004010        0x0 /usr/local/bin/../lib/gcc/msp430/4.7.2/mmpy-16/libcrt0.a(__low_level_init.o)
                0x00004010                __low_level_init
 *(.init4)
 .init4         0x00004010       0x18 /usr/local/bin/../lib/gcc/msp430/4.7.2/mmpy-16/libcrt0.a(_copy_data.o)
                0x00004010                __do_copy_data
 .init4         0x00004028       0x16 /usr/local/bin/../lib/gcc/msp430/4.7.2/mmpy-16/libcrt0.a(_clear_bss.o)
                0x00004028                __do_clear_bss
 *(.init5)
 *(.init6)
 *(.init7)
 *(.init8)
 *(.init9)
 .init9         0x0000403e      0x1c4 build/SKY/obj/contiki-main.o
                0x0000403e                main
 *(.fini9)
 .fini9         0x00004202        0x0 /usr/local/bin/../lib/gcc/msp430/4.7.2/mmpy-16/libcrt0.a(__stop_progExec__.o)
                0x00004202                __stop_progExec__
 *(.fini8)
 *(.fini7)
 *(.fini6)
 *(.fini5)
 *(.fini4)
 *(.fini3)
 *(.fini2)
 *(.fini1)
 *(.fini0)
 .fini0         0x00004202        0x6 /usr/local/bin/../lib/gcc/msp430/4.7.2/mmpy-16/libcrt0.a(_endless_loop__.o)
                0x00004202                _endless_loop__
 *(.fini .fini.*)
                0x00004208                . = ALIGN (0x2)
                0x00004208                __ctors_start = .
 *(.ctors)
                0x00004208                __ctors_end = .
                0x00004208                __dtors_start = .
 *(.dtors)
                0x00004208                __dtors_end = .
                0x00004208                . = ALIGN (0x2)
 *(.text .text.* .gnu.linkonce.t.*)
 .text          0x00004208        0x4 /usr/local/bin/../lib/gcc/msp430/4.7.2/mmpy-16/crt0ivtbl16.o
                0x00004208                __isr_14
                0x00004208                __isr_11
                0x00004208                __isr_2
                0x00004208                __isr_7
                0x00004208                __isr_0
                0x00004208                __isr_8
                0x00004208                __isr_3
                0x00004208                __isr_12
                0x00004208                __isr_13
                0x00004208                __isr_9
 .text.print_float_test
                0x0000420c       0x56 dct_transformer.o
                0x0000420c                print_float_test
 .text.transform_signal
                0x00004262      0x118 dct_transformer.o
                0x00004262                transform_signal
 .text.print_m_dct_coefficients
                0x0000437a       0x3e dct_transformer.o
                0x0000437a                print_m_dct_coefficients
 .text.process_thread_main_process
                0x000043b8       0x8e dct_transformer.o
 .text.putchar  0x00004446       0x10 build/SKY/contiki-ng-SKY.a(uart1-putchar.o)
                0x00004446                putchar
 .text.platform_init_stage_one
                0x00004456       0x12 build/SKY/contiki-ng-SKY.a(platform.o)
                0x00004456                platform_init_stage_one
 .text.platform_init_stage_two
                0x00004468       0x68 build/SKY/contiki-ng-SKY.a(platform.o)
                0x00004468                platform_init_stage_two
 .text.platform_init_stage_three
                0x000044d0       0x86 build/SKY/contiki-ng-SKY.a(platform.o)
                0x000044d0                platform_init_stage_three
 .text.platform_idle
                0x00004556       0x54 build/SKY/contiki-ng-SKY.a(platform.o)
                0x00004556                platform_idle
 .text.msp430_init_dco
                0x000045aa       0x82 build/SKY/contiki-ng-SKY.a(msp430.o)
                0x000045aa                msp430_init_dco
 .text.msp430_add_lpm_req
                0x0000462c        0xc build/SKY/contiki-ng-SKY.a(msp430.o)
                0x0000462c                msp430_add_lpm_req
 .text.msp430_cpu_init
                0x00004638       0x2a build/SKY/contiki-ng-SKY.a(msp430.o)
                0x00004638                msp430_cpu_init
 .text.splhigh_
                0x00004662        0x8 build/SKY/contiki-ng-SKY.a(msp430.o)
                0x00004662                splhigh_
 .text.msp430_sync_dco
                0x0000466a       0x6c build/SKY/contiki-ng-SKY.a(msp430.o)
                0x0000466a                msp430_sync_dco
 .text.timera1  0x000046d6       0xdc build/SKY/contiki-ng-SKY.a(clock.o)
                0x000046d6                __isr_5
                0x000046d6                timera1
 .text.clock_time
                0x000047b2       0x1a build/SKY/contiki-ng-SKY.a(clock.o)
                0x000047b2                clock_time
 .text.clock_init
                0x000047cc       0x28 build/SKY/contiki-ng-SKY.a(clock.o)
                0x000047cc                clock_init
 .text.clock_delay
                0x000047f4        0xc build/SKY/contiki-ng-SKY.a(clock.o)
                0x000047f4                clock_delay
 .text.clock_seconds
                0x00004800       0x1a build/SKY/contiki-ng-SKY.a(clock.o)
                0x00004800                clock_seconds
 .text.leds_init
                0x0000481a        0x6 build/SKY/contiki-ng-SKY.a(leds.o)
                0x0000481a                leds_init
 .text.leds_on  0x00004820       0x12 build/SKY/contiki-ng-SKY.a(leds.o)
                0x00004820                leds_on
 .text.leds_off
                0x00004832       0x12 build/SKY/contiki-ng-SKY.a(leds.o)
                0x00004832                leds_off
 .text.leds_arch_init
                0x00004844        0xe build/SKY/contiki-ng-SKY.a(leds-arch.o)
                0x00004844                leds_arch_init
 .text.leds_arch_get
                0x00004852       0x34 build/SKY/contiki-ng-SKY.a(leds-arch.o)
                0x00004852                leds_arch_get
 .text.leds_arch_set
                0x00004886       0x3e build/SKY/contiki-ng-SKY.a(leds-arch.o)
                0x00004886                leds_arch_set
 .text.watchdog_interrupt
                0x000048c4        0x6 build/SKY/contiki-ng-SKY.a(watchdog.o)
                0x000048c4                __isr_10
                0x000048c4                watchdog_interrupt
 .text.watchdog_start
                0x000048ca       0x14 build/SKY/contiki-ng-SKY.a(watchdog.o)
                0x000048ca                watchdog_start
 .text.watchdog_periodic
                0x000048de       0x12 build/SKY/contiki-ng-SKY.a(watchdog.o)
                0x000048de                watchdog_periodic
 .text.watchdog_stop
                0x000048f0       0x16 build/SKY/contiki-ng-SKY.a(watchdog.o)
                0x000048f0                watchdog_stop
 .text.watchdog_init
                0x00004906       0x12 build/SKY/contiki-ng-SKY.a(watchdog.o)
                0x00004906                watchdog_init
 .text.autostart_start
                0x00004918       0x16 build/SKY/contiki-ng-SKY.a(autostart.o)
                0x00004918                autostart_start
 .text.energest_init
                0x0000492e        0x2 build/SKY/contiki-ng-SKY.a(energest.o)
                0x0000492e                energest_init
 .text.energest_flush
                0x00004930        0x2 build/SKY/contiki-ng-SKY.a(energest.o)
                0x00004930                energest_flush
 .text.update_time
                0x00004932       0x78 build/SKY/contiki-ng-SKY.a(etimer.o)
 .text.etimer_request_poll
                0x000049aa        0xa build/SKY/contiki-ng-SKY.a(etimer.o)
                0x000049aa                etimer_request_poll
 .text.process_thread_etimer_process
                0x000049b4       0xcc build/SKY/contiki-ng-SKY.a(etimer.o)
 .text.add_timer
                0x00004a80       0x40 build/SKY/contiki-ng-SKY.a(etimer.o)
 .text.etimer_set
                0x00004ac0       0x12 build/SKY/contiki-ng-SKY.a(etimer.o)
                0x00004ac0                etimer_set
 .text.etimer_reset
                0x00004ad2       0x12 build/SKY/contiki-ng-SKY.a(etimer.o)
                0x00004ad2                etimer_reset
 .text.etimer_expired
                0x00004ae4        0xe build/SKY/contiki-ng-SKY.a(etimer.o)
                0x00004ae4                etimer_expired
 .text.etimer_pending
                0x00004af2        0xc build/SKY/contiki-ng-SKY.a(etimer.o)
                0x00004af2                etimer_pending
 .text.etimer_next_expiration_time
                0x00004afe       0x16 build/SKY/contiki-ng-SKY.a(etimer.o)
                0x00004afe                etimer_next_expiration_time
 .text.etimer_stop
                0x00004b14       0x3e build/SKY/contiki-ng-SKY.a(etimer.o)
                0x00004b14                etimer_stop
 .text.log_lladdr
                0x00004b52       0x44 build/SKY/contiki-ng-SKY.a(log.o)
                0x00004b52                log_lladdr
 .text.process_thread_ctimer_process
                0x00004b96       0xa8 build/SKY/contiki-ng-SKY.a(ctimer.o)
 .text.ctimer_init
                0x00004c3e       0x18 build/SKY/contiki-ng-SKY.a(ctimer.o)
                0x00004c3e                ctimer_init
 .text.ctimer_set_with_process
                0x00004c56       0x4e build/SKY/contiki-ng-SKY.a(ctimer.o)
                0x00004c56                ctimer_set_with_process
 .text.ctimer_set
                0x00004ca4       0x10 build/SKY/contiki-ng-SKY.a(ctimer.o)
                0x00004ca4                ctimer_set
 .text.ctimer_reset
                0x00004cb4       0x30 build/SKY/contiki-ng-SKY.a(ctimer.o)
                0x00004cb4                ctimer_reset
 .text.ctimer_stop
                0x00004ce4       0x28 build/SKY/contiki-ng-SKY.a(ctimer.o)
                0x00004ce4                ctimer_stop
 .text.rtimer_init
                0x00004d0c        0x6 build/SKY/contiki-ng-SKY.a(rtimer.o)
                0x00004d0c                rtimer_init
 .text.rtimer_run_next
                0x00004d12       0x26 build/SKY/contiki-ng-SKY.a(rtimer.o)
                0x00004d12                rtimer_run_next
 .text.node_id_init
                0x00004d38       0x14 build/SKY/contiki-ng-SKY.a(node-id.o)
                0x00004d38                node_id_init
 .text.call_process
                0x00004d4c       0x46 build/SKY/contiki-ng-SKY.a(process.o)
 .text.exit_process
                0x00004d92       0x96 build/SKY/contiki-ng-SKY.a(process.o)
 .text.do_poll  0x00004e28       0x30 build/SKY/contiki-ng-SKY.a(process.o)
 .text.process_alloc_event
                0x00004e58        0xe build/SKY/contiki-ng-SKY.a(process.o)
                0x00004e58                process_alloc_event
 .text.process_init
                0x00004e66       0x18 build/SKY/contiki-ng-SKY.a(process.o)
                0x00004e66                process_init
 .text.process_run
                0x00004e7e       0x92 build/SKY/contiki-ng-SKY.a(process.o)
                0x00004e7e                process_run
 .text.process_nevents
                0x00004f10        0xe build/SKY/contiki-ng-SKY.a(process.o)
                0x00004f10                process_nevents
 .text.process_post
                0x00004f1e       0x42 build/SKY/contiki-ng-SKY.a(process.o)
                0x00004f1e                process_post
 .text.process_post_synch
                0x00004f60       0x12 build/SKY/contiki-ng-SKY.a(process.o)
                0x00004f60                process_post_synch
 .text.process_start
                0x00004f72       0x36 build/SKY/contiki-ng-SKY.a(process.o)
                0x00004f72                process_start
 .text.process_poll
                0x00004fa8       0x18 build/SKY/contiki-ng-SKY.a(process.o)
                0x00004fa8                process_poll
 .text.timer_set
                0x00004fc0       0x1c build/SKY/contiki-ng-SKY.a(timer.o)
                0x00004fc0                timer_set
 .text.timer_expired
                0x00004fdc       0x2a build/SKY/contiki-ng-SKY.a(timer.o)
                0x00004fdc                timer_expired
 .text.timer_reset
                0x00005006       0x1c build/SKY/contiki-ng-SKY.a(timer.o)
                0x00005006                timer_reset
 .text.stack_check_init
                0x00005022       0x2e build/SKY/contiki-ng-SKY.a(stack-check.o)
                0x00005022                stack_check_init
 .text.stack_check_get_usage
                0x00005050       0x54 build/SKY/contiki-ng-SKY.a(stack-check.o)
                0x00005050                stack_check_get_usage
 .text.process_thread_stack_check_process
                0x000050a4       0xea build/SKY/contiki-ng-SKY.a(stack-check.o)
 .text.list_init
                0x0000518e        0x6 build/SKY/contiki-ng-SKY.a(list.o)
                0x0000518e                list_init
 .text.list_head
                0x00005194        0x4 build/SKY/contiki-ng-SKY.a(list.o)
                0x00005194                list_head
 .text.list_tail
                0x00005198       0x12 build/SKY/contiki-ng-SKY.a(list.o)
                0x00005198                list_tail
 .text.list_remove
                0x000051aa       0x34 build/SKY/contiki-ng-SKY.a(list.o)
                0x000051aa                list_remove
 .text.list_add
                0x000051de       0x2a build/SKY/contiki-ng-SKY.a(list.o)
                0x000051de                list_add
 .text.list_length
                0x00005208       0x10 build/SKY/contiki-ng-SKY.a(list.o)
                0x00005208                list_length
 .text.list_item_next
                0x00005218        0xc build/SKY/contiki-ng-SKY.a(list.o)
                0x00005218                list_item_next
 .text.random_init
                0x00005224        0x6 build/SKY/contiki-ng-SKY.a(random.o)
                0x00005224                random_init
 .text.random_rand
                0x0000522a        0x6 build/SKY/contiki-ng-SKY.a(random.o)
                0x0000522a                random_rand
 .text.process_thread_serial_line_process
                0x00005230       0xa4 build/SKY/contiki-ng-SKY.a(serial-line.o)
 .text.serial_line_input_byte
                0x000052d4       0x42 build/SKY/contiki-ng-SKY.a(serial-line.o)
                0x000052d4                serial_line_input_byte
 .text.serial_line_init
                0x00005316       0x1c build/SKY/contiki-ng-SKY.a(serial-line.o)
                0x00005316                serial_line_init
 .text.queuebuf_init
                0x00005332       0x12 build/SKY/contiki-ng-SKY.a(queuebuf.o)
                0x00005332                queuebuf_init
 .text.queuebuf_new_from_packetbuf
                0x00005344       0x52 build/SKY/contiki-ng-SKY.a(queuebuf.o)
                0x00005344                queuebuf_new_from_packetbuf
 .text.queuebuf_update_attr_from_packetbuf
                0x00005396       0x12 build/SKY/contiki-ng-SKY.a(queuebuf.o)
                0x00005396                queuebuf_update_attr_from_packetbuf
 .text.queuebuf_free
                0x000053a8       0x2a build/SKY/contiki-ng-SKY.a(queuebuf.o)
                0x000053a8                queuebuf_free
 .text.queuebuf_to_packetbuf
                0x000053d2       0x32 build/SKY/contiki-ng-SKY.a(queuebuf.o)
                0x000053d2                queuebuf_to_packetbuf
 .text.packetbuf_hdrreduce
                0x00005404       0x1a build/SKY/contiki-ng-SKY.a(packetbuf.o)
                0x00005404                packetbuf_hdrreduce
 .text.packetbuf_set_datalen
                0x0000541e        0x6 build/SKY/contiki-ng-SKY.a(packetbuf.o)
                0x0000541e                packetbuf_set_datalen
 .text.packetbuf_hdrptr
                0x00005424        0x6 build/SKY/contiki-ng-SKY.a(packetbuf.o)
                0x00005424                packetbuf_hdrptr
 .text.packetbuf_datalen
                0x0000542a        0x6 build/SKY/contiki-ng-SKY.a(packetbuf.o)
                0x0000542a                packetbuf_datalen
 .text.packetbuf_hdrlen
                0x00005430        0xa build/SKY/contiki-ng-SKY.a(packetbuf.o)
                0x00005430                packetbuf_hdrlen
 .text.packetbuf_dataptr
                0x0000543a        0xc build/SKY/contiki-ng-SKY.a(packetbuf.o)
                0x0000543a                packetbuf_dataptr
 .text.packetbuf_copyto
                0x00005446       0x46 build/SKY/contiki-ng-SKY.a(packetbuf.o)
                0x00005446                packetbuf_copyto
 .text.packetbuf_totlen
                0x0000548c        0xc build/SKY/contiki-ng-SKY.a(packetbuf.o)
                0x0000548c                packetbuf_totlen
 .text.packetbuf_hdralloc
                0x00005498       0x3c build/SKY/contiki-ng-SKY.a(packetbuf.o)
                0x00005498                packetbuf_hdralloc
 .text.packetbuf_attr_clear
                0x000054d4       0x28 build/SKY/contiki-ng-SKY.a(packetbuf.o)
                0x000054d4                packetbuf_attr_clear
 .text.packetbuf_clear
                0x000054fc       0x12 build/SKY/contiki-ng-SKY.a(packetbuf.o)
                0x000054fc                packetbuf_clear
 .text.packetbuf_copyfrom
                0x0000550e       0x2e build/SKY/contiki-ng-SKY.a(packetbuf.o)
                0x0000550e                packetbuf_copyfrom
 .text.packetbuf_attr_copyto
                0x0000553c       0x22 build/SKY/contiki-ng-SKY.a(packetbuf.o)
                0x0000553c                packetbuf_attr_copyto
 .text.packetbuf_attr_copyfrom
                0x0000555e       0x24 build/SKY/contiki-ng-SKY.a(packetbuf.o)
                0x0000555e                packetbuf_attr_copyfrom
 .text.packetbuf_set_attr
                0x00005582        0xc build/SKY/contiki-ng-SKY.a(packetbuf.o)
                0x00005582                packetbuf_set_attr
 .text.packetbuf_attr
                0x0000558e        0xa build/SKY/contiki-ng-SKY.a(packetbuf.o)
                0x0000558e                packetbuf_attr
 .text.packetbuf_set_addr
                0x00005598       0x18 build/SKY/contiki-ng-SKY.a(packetbuf.o)
                0x00005598                packetbuf_set_addr
 .text.packetbuf_addr
                0x000055b0       0x12 build/SKY/contiki-ng-SKY.a(packetbuf.o)
                0x000055b0                packetbuf_addr
 .text.packetbuf_holds_broadcast
                0x000055c2        0xe build/SKY/contiki-ng-SKY.a(packetbuf.o)
                0x000055c2                packetbuf_holds_broadcast
 .text.netstack_init
                0x000055d0        0xe build/SKY/contiki-ng-SKY.a(netstack.o)
                0x000055d0                netstack_init
 .text.linkaddr_copy
                0x000055de        0x8 build/SKY/contiki-ng-SKY.a(linkaddr.o)
                0x000055de                linkaddr_copy
 .text.linkaddr_cmp
                0x000055e6       0x12 build/SKY/contiki-ng-SKY.a(linkaddr.o)
                0x000055e6                linkaddr_cmp
 .text.linkaddr_set_node_addr
                0x000055f8        0xc build/SKY/contiki-ng-SKY.a(linkaddr.o)
                0x000055f8                linkaddr_set_node_addr
 .text.on       0x00005604        0x6 build/SKY/contiki-ng-SKY.a(csma.o)
 .text.off      0x0000560a        0x6 build/SKY/contiki-ng-SKY.a(csma.o)
 .text.max_payload
                0x00005610       0x38 build/SKY/contiki-ng-SKY.a(csma.o)
 .text.send_packet
                0x00005648        0x6 build/SKY/contiki-ng-SKY.a(csma.o)
 .text.init     0x0000564e       0x1c build/SKY/contiki-ng-SKY.a(csma.o)
 .text.input_packet
                0x0000566a       0x58 build/SKY/contiki-ng-SKY.a(csma.o)
 .text.schedule_transmission
                0x000056c2       0x70 build/SKY/contiki-ng-SKY.a(csma-output.o)
 .text.tx_done  0x00005732       0x9a build/SKY/contiki-ng-SKY.a(csma-output.o)
 .text.transmit_from_queue
                0x000057cc      0x1bc build/SKY/contiki-ng-SKY.a(csma-output.o)
 .text.csma_output_packet
                0x00005988      0x184 build/SKY/contiki-ng-SKY.a(csma-output.o)
                0x00005988                csma_output_packet
 .text.csma_output_init
                0x00005b0c       0x1a build/SKY/contiki-ng-SKY.a(csma-output.o)
                0x00005b0c                csma_output_init
 .text.init     0x00005b26        0x6 build/SKY/contiki-ng-SKY.a(nullnet.o)
 .text.output   0x00005b2c       0x42 build/SKY/contiki-ng-SKY.a(nullnet.o)
 .text.input    0x00005b6e       0x40 build/SKY/contiki-ng-SKY.a(nullnet.o)
 .text.init     0x00005bae        0x2 build/SKY/contiki-ng-SKY.a(nullrouting.o)
 .text.root_set_prefix
                0x00005bb0        0x2 build/SKY/contiki-ng-SKY.a(nullrouting.o)
 .text.root_start
                0x00005bb2        0x4 build/SKY/contiki-ng-SKY.a(nullrouting.o)
 .text.node_is_root
                0x00005bb6        0x4 build/SKY/contiki-ng-SKY.a(nullrouting.o)
 .text.get_root_ipaddr
                0x00005bba        0x4 build/SKY/contiki-ng-SKY.a(nullrouting.o)
 .text.get_sr_node_ipaddr
                0x00005bbe        0x4 build/SKY/contiki-ng-SKY.a(nullrouting.o)
 .text.leave_network
                0x00005bc2        0x2 build/SKY/contiki-ng-SKY.a(nullrouting.o)
 .text.node_has_joined
                0x00005bc4        0x4 build/SKY/contiki-ng-SKY.a(nullrouting.o)
 .text.node_is_reachable
                0x00005bc8        0x4 build/SKY/contiki-ng-SKY.a(nullrouting.o)
 .text.global_repair
                0x00005bcc        0x2 build/SKY/contiki-ng-SKY.a(nullrouting.o)
 .text.local_repair
                0x00005bce        0x2 build/SKY/contiki-ng-SKY.a(nullrouting.o)
 .text.ext_header_remove
                0x00005bd0        0x4 build/SKY/contiki-ng-SKY.a(nullrouting.o)
 .text.ext_header_update
                0x00005bd4        0x4 build/SKY/contiki-ng-SKY.a(nullrouting.o)
 .text.ext_header_hbh_update
                0x00005bd8        0x4 build/SKY/contiki-ng-SKY.a(nullrouting.o)
 .text.ext_header_srh_update
                0x00005bdc        0x4 build/SKY/contiki-ng-SKY.a(nullrouting.o)
 .text.ext_header_srh_get_next_hop
                0x00005be0        0x4 build/SKY/contiki-ng-SKY.a(nullrouting.o)
 .text.link_callback
                0x00005be4        0x2 build/SKY/contiki-ng-SKY.a(nullrouting.o)
 .text.neighbor_state_changed
                0x00005be6        0x2 build/SKY/contiki-ng-SKY.a(nullrouting.o)
 .text.drop_route
                0x00005be8        0x2 build/SKY/contiki-ng-SKY.a(nullrouting.o)
 .text.is_in_leaf_mode
                0x00005bea        0x4 build/SKY/contiki-ng-SKY.a(nullrouting.o)
 .text.init_platform
                0x00005bee        0xc build/SKY/contiki-ng-SKY.a(contiki-sky-pla)
                0x00005bee                init_platform
 .text.status   0x00005bfa       0x18 build/SKY/contiki-ng-SKY.a(button-sensor.o)
 .text.value    0x00005c12       0x20 build/SKY/contiki-ng-SKY.a(button-sensor.o)
 .text.configure
                0x00005c32       0x4c build/SKY/contiki-ng-SKY.a(button-sensor.o)
 .text.irq_p2   0x00005c7e       0x46 build/SKY/contiki-ng-SKY.a(button-sensor.o)
                0x00005c7e                irq_p2
                0x00005c7e                __isr_1
 .text.owreadb  0x00005cc4       0x50 build/SKY/contiki-ng-SKY.a(ds2411.o)
 .text.ds2411_init
                0x00005d14      0x120 build/SKY/contiki-ng-SKY.a(ds2411.o)
                0x00005d14                ds2411_init
 .text.xmem_init
                0x00005e34       0x3c build/SKY/contiki-ng-SKY.a(xmem.o)
                0x00005e34                xmem_init
 .text.process_thread_sensors_process
                0x00005e70       0xc2 build/SKY/contiki-ng-SKY.a(sensors.o)
 .text.sensors_changed
                0x00005f32       0x2a build/SKY/contiki-ng-SKY.a(sensors.o)
                0x00005f32                sensors_changed
 .text.get_object
                0x00005f5c        0x4 build/SKY/contiki-ng-SKY.a(cc2420.o)
 .text.set_object
                0x00005f60        0x4 build/SKY/contiki-ng-SKY.a(cc2420.o)
 .text.strobe   0x00005f64       0x1c build/SKY/contiki-ng-SKY.a(cc2420.o)
 .text.getreg   0x00005f80       0x4c build/SKY/contiki-ng-SKY.a(cc2420.o)
 .text.setreg   0x00005fcc       0x4c build/SKY/contiki-ng-SKY.a(cc2420.o)
 .text.write_ram
                0x00006018       0x7c build/SKY/contiki-ng-SKY.a(cc2420.o)
 .text.write_fifo_buf
                0x00006094       0x3c build/SKY/contiki-ng-SKY.a(cc2420.o)
 .text.get_status
                0x000060d0       0x20 build/SKY/contiki-ng-SKY.a(cc2420.o)
 .text.on       0x000060f0       0x1a build/SKY/contiki-ng-SKY.a(cc2420.o)
 .text.cc2420_receiving_packet
                0x0000610a        0xc build/SKY/contiki-ng-SKY.a(cc2420.o)
 .text.pending_packet
                0x00006116        0x8 build/SKY/contiki-ng-SKY.a(cc2420.o)
 .text.wait_for_transmission
                0x0000611e       0x22 build/SKY/contiki-ng-SKY.a(cc2420.o)
 .text.wait_for_status
                0x00006140       0x28 build/SKY/contiki-ng-SKY.a(cc2420.o)
 .text.getrxdata
                0x00006168       0x50 build/SKY/contiki-ng-SKY.a(cc2420.o)
 .text.flushrx  0x000061b8       0x1a build/SKY/contiki-ng-SKY.a(cc2420.o)
 .text.off      0x000061d2       0x28 build/SKY/contiki-ng-SKY.a(cc2420.o)
 .text.RELEASE_LOCK
                0x000061fa       0x28 build/SKY/contiki-ng-SKY.a(cc2420.o)
 .text.set_key  0x00006222       0x18 build/SKY/contiki-ng-SKY.a(cc2420.o)
 .text.set_frame_filtering
                0x0000623a       0x30 build/SKY/contiki-ng-SKY.a(cc2420.o)
 .text.set_auto_ack
                0x0000626a       0x30 build/SKY/contiki-ng-SKY.a(cc2420.o)
 .text.set_poll_mode
                0x0000629a       0x2c build/SKY/contiki-ng-SKY.a(cc2420.o)
 .text.cc2420_prepare
                0x000062c6       0x46 build/SKY/contiki-ng-SKY.a(cc2420.o)
 .text.cc2420_on
                0x0000630c       0x22 build/SKY/contiki-ng-SKY.a(cc2420.o)
                0x0000630c                cc2420_on
 .text.cc2420_transmit
                0x0000632e       0x66 build/SKY/contiki-ng-SKY.a(cc2420.o)
 .text.cc2420_send
                0x00006394       0x12 build/SKY/contiki-ng-SKY.a(cc2420.o)
 .text.cc2420_off
                0x000063a6       0x30 build/SKY/contiki-ng-SKY.a(cc2420.o)
                0x000063a6                cc2420_off
 .text.cc2420_cca
                0x000063d6       0x68 build/SKY/contiki-ng-SKY.a(cc2420.o)
 .text.cc2420_read
                0x0000643e       0xbe build/SKY/contiki-ng-SKY.a(cc2420.o)
 .text.process_thread_cc2420_process
                0x000064fc       0x62 build/SKY/contiki-ng-SKY.a(cc2420.o)
 .text.encrypt  0x0000655e       0x88 build/SKY/contiki-ng-SKY.a(cc2420.o)
 .text.cc2420_set_channel
                0x000065e6       0x3c build/SKY/contiki-ng-SKY.a(cc2420.o)
                0x000065e6                cc2420_set_channel
 .text.cc2420_set_pan_addr
                0x00006622       0x4c build/SKY/contiki-ng-SKY.a(cc2420.o)
                0x00006622                cc2420_set_pan_addr
 .text.cc2420_interrupt
                0x0000666e       0x16 build/SKY/contiki-ng-SKY.a(cc2420.o)
                0x0000666e                cc2420_interrupt
 .text.cc2420_set_txpower
                0x00006684       0x2c build/SKY/contiki-ng-SKY.a(cc2420.o)
                0x00006684                cc2420_set_txpower
 .text.cc2420_get_txpower
                0x000066b0       0x1e build/SKY/contiki-ng-SKY.a(cc2420.o)
                0x000066b0                cc2420_get_txpower
 .text.cc2420_rssi
                0x000066ce       0x4c build/SKY/contiki-ng-SKY.a(cc2420.o)
                0x000066ce                cc2420_rssi
 .text.get_value
                0x0000671a      0x11e build/SKY/contiki-ng-SKY.a(cc2420.o)
 .text.cc2420_set_cca_threshold
                0x00006838       0x16 build/SKY/contiki-ng-SKY.a(cc2420.o)
                0x00006838                cc2420_set_cca_threshold
 .text.set_value
                0x0000684e      0x150 build/SKY/contiki-ng-SKY.a(cc2420.o)
 .text.cc2420_init
                0x0000699e       0xea build/SKY/contiki-ng-SKY.a(cc2420.o)
                0x0000699e                cc2420_init
 .text.cc2420_port1_interrupt
                0x00006a88       0x20 build/SKY/contiki-ng-SKY.a(cc2420-arch.o)
                0x00006a88                __isr_4
                0x00006a88                cc2420_port1_interrupt
 .text.cc2420_arch_init
                0x00006aa8       0x1a build/SKY/contiki-ng-SKY.a(cc2420-arch.o)
                0x00006aa8                cc2420_arch_init
 .text.handle_rxdma_timer
                0x00006ac2       0x3a build/SKY/contiki-ng-SKY.a(uart1.o)
 .text.uart1_active
                0x00006afc       0x18 build/SKY/contiki-ng-SKY.a(uart1.o)
                0x00006afc                uart1_active
 .text.uart1_set_input
                0x00006b14       0x20 build/SKY/contiki-ng-SKY.a(uart1.o)
                0x00006b14                uart1_set_input
 .text.uart1_writeb
                0x00006b34       0x18 build/SKY/contiki-ng-SKY.a(uart1.o)
                0x00006b34                uart1_writeb
 .text.uart1_init
                0x00006b4c       0xf4 build/SKY/contiki-ng-SKY.a(uart1.o)
                0x00006b4c                uart1_init
 .text.timera0  0x00006c40       0x2e build/SKY/contiki-ng-SKY.a(rtimer-arch.o)
                0x00006c40                __isr_6
                0x00006c40                timera0
 .text.rtimer_arch_init
                0x00006c6e        0xe build/SKY/contiki-ng-SKY.a(rtimer-arch.o)
                0x00006c6e                rtimer_arch_init
 .text.rtimer_arch_now
                0x00006c7c        0xe build/SKY/contiki-ng-SKY.a(rtimer-arch.o)
                0x00006c7c                rtimer_arch_now
 .text.rtimer_arch_schedule
                0x00006c8a        0x6 build/SKY/contiki-ng-SKY.a(rtimer-arch.o)
                0x00006c8a                rtimer_arch_schedule
 .text.memb_init
                0x00006c90       0x36 build/SKY/contiki-ng-SKY.a(memb.o)
                0x00006c90                memb_init
 .text.memb_alloc
                0x00006cc6       0x3e build/SKY/contiki-ng-SKY.a(memb.o)
                0x00006cc6                memb_alloc
 .text.memb_free
                0x00006d04       0x32 build/SKY/contiki-ng-SKY.a(memb.o)
                0x00006d04                memb_free
 .text.memb_inmemb
                0x00006d36       0x2a build/SKY/contiki-ng-SKY.a(memb.o)
                0x00006d36                memb_inmemb
 .text.ringbuf_init
                0x00006d60       0x14 build/SKY/contiki-ng-SKY.a(ringbuf.o)
                0x00006d60                ringbuf_init
 .text.ringbuf_put
                0x00006d74       0x38 build/SKY/contiki-ng-SKY.a(ringbuf.o)
                0x00006d74                ringbuf_put
 .text.ringbuf_get
                0x00006dac       0x32 build/SKY/contiki-ng-SKY.a(ringbuf.o)
                0x00006dac                ringbuf_get
 .text.mac_sequence_is_duplicate
                0x00006dde       0x84 build/SKY/contiki-ng-SKY.a(mac-sequence.o)
                0x00006dde                mac_sequence_is_duplicate
 .text.mac_sequence_register_seqno
                0x00006e62       0x90 build/SKY/contiki-ng-SKY.a(mac-sequence.o)
                0x00006e62                mac_sequence_register_seqno
 .text.mac_call_sent_callback
                0x00006ef2       0x14 build/SKY/contiki-ng-SKY.a(mac.o)
                0x00006ef2                mac_call_sent_callback
 .text.parse    0x00006f06       0xa0 build/SKY/contiki-ng-SKY.a(framer-802154.o)
 .text.framer_802154_setup_params
                0x00006fa6       0xb8 build/SKY/contiki-ng-SKY.a(framer-802154.o)
                0x00006fa6                framer_802154_setup_params
 .text.create_frame
                0x0000705e       0xde build/SKY/contiki-ng-SKY.a(framer-802154.o)
 .text.create   0x0000713c        0x8 build/SKY/contiki-ng-SKY.a(framer-802154.o)
 .text.hdr_length
                0x00007144        0x8 build/SKY/contiki-ng-SKY.a(framer-802154.o)
 .text.frame802154_get_pan_id
                0x0000714c        0x6 build/SKY/contiki-ng-SKY.a(frame802154.o)
                0x0000714c                frame802154_get_pan_id
 .text.frame802154_has_panid
                0x00007152       0xe0 build/SKY/contiki-ng-SKY.a(frame802154.o)
                0x00007152                frame802154_has_panid
 .text.field_len
                0x00007232       0xac build/SKY/contiki-ng-SKY.a(frame802154.o)
 .text.frame802154_is_broadcast_addr
                0x000072de       0x28 build/SKY/contiki-ng-SKY.a(frame802154.o)
                0x000072de                frame802154_is_broadcast_addr
 .text.frame802154_hdrlen
                0x00007306       0x32 build/SKY/contiki-ng-SKY.a(frame802154.o)
                0x00007306                frame802154_hdrlen
 .text.frame802154_create_fcf
                0x00007338       0x96 build/SKY/contiki-ng-SKY.a(frame802154.o)
                0x00007338                frame802154_create_fcf
 .text.frame802154_create
                0x000073ce       0xe4 build/SKY/contiki-ng-SKY.a(frame802154.o)
                0x000073ce                frame802154_create
 .text.frame802154_parse_fcf
                0x000074b2       0xbc build/SKY/contiki-ng-SKY.a(frame802154.o)
                0x000074b2                frame802154_parse_fcf
 .text.frame802154_parse
                0x0000756e      0x168 build/SKY/contiki-ng-SKY.a(frame802154.o)
                0x0000756e                frame802154_parse
 .text.csma_security_create_frame
                0x000076d6       0x10 build/SKY/contiki-ng-SKY.a(csma-security.o)
                0x000076d6                csma_security_create_frame
 .text.csma_security_parse_frame
                0x000076e6        0x6 build/SKY/contiki-ng-SKY.a(csma-security.o)
                0x000076e6                csma_security_parse_frame
 .text.spi_init
                0x000076ec       0x30 build/SKY/contiki-ng-SKY.a(spi-legacy.o)
                0x000076ec                spi_init
 .text.modff    0x0000771c       0xae /usr/local/bin/../lib/gcc/msp430/4.7.2/../../../../msp430/lib/mmpy-16/libm.a(sf_modf.o)
                0x0000771c                modff
 .text.modf     0x000077ca        0x6 /usr/local/bin/../lib/gcc/msp430/4.7.2/../../../../msp430/lib/mmpy-16/libm.a(sf_modf.o)
                0x000077ca                modf
 .text.cosf     0x000077d0       0x9e /usr/local/bin/../lib/gcc/msp430/4.7.2/../../../../msp430/lib/mmpy-16/libm.a(sf_cos.o)
                0x000077d0                cosf
 .text.cos      0x0000786e        0x6 /usr/local/bin/../lib/gcc/msp430/4.7.2/../../../../msp430/lib/mmpy-16/libm.a(sf_cos.o)
                0x0000786e                cos
 .text.__kernel_sinf
                0x00007874      0x184 /usr/local/bin/../lib/gcc/msp430/4.7.2/../../../../msp430/lib/mmpy-16/libm.a(kf_sin.o)
                0x00007874                __kernel_sinf
 .text.__kernel_cosf
                0x000079f8      0x1e4 /usr/local/bin/../lib/gcc/msp430/4.7.2/../../../../msp430/lib/mmpy-16/libm.a(kf_cos.o)
                0x000079f8                __kernel_cosf
 .text.__ieee754_rem_pio2f
                0x00007bdc      0x5c8 /usr/local/bin/../lib/gcc/msp430/4.7.2/../../../../msp430/lib/mmpy-16/libm.a(ef_rem_pio2.o)
                0x00007bdc                __ieee754_rem_pio2f
 .text.__kernel_rem_pio2f
                0x000081a4      0xbe4 /usr/local/bin/../lib/gcc/msp430/4.7.2/../../../../msp430/lib/mmpy-16/libm.a(kf_rem_pio2.o)
                0x000081a4                __kernel_rem_pio2f
 .text.scalbnf  0x00008d88      0x174 /usr/local/bin/../lib/gcc/msp430/4.7.2/../../../../msp430/lib/mmpy-16/libm.a(sf_scalbn.o)
                0x00008d88                scalbnf
 .text.floorf   0x00008efc      0x10c /usr/local/bin/../lib/gcc/msp430/4.7.2/../../../../msp430/lib/mmpy-16/libm.a(sf_floor.o)
                0x00008efc                floorf
 .text.libgcc   0x00009008       0x40 /usr/local/bin/../lib/gcc/msp430/4.7.2/mmpy-16/libgcc.a(_udivmod32.o)
                0x00009008                __udivsi3
                0x00009008                __ext_udivmod32
                0x0000903e                __umodsi3
 .text          0x00009048       0x42 /usr/local/bin/../lib/gcc/msp430/4.7.2/mmpy-16/libgcc.a(_fixunssfsi.o)
                0x00009048                __fixunssfsi
 .text          0x0000908a      0x31e /usr/local/bin/../lib/gcc/msp430/4.7.2/mmpy-16/libgcc.a(_addsub_sf.o)
                0x0000930c                __addsf3
                0x00009358                __subsf3
 .text          0x000093a8      0x210 /usr/local/bin/../lib/gcc/msp430/4.7.2/mmpy-16/libgcc.a(_mul_sf.o)
                0x000093a8                __mulsf3
 .text          0x000095b8      0x148 /usr/local/bin/../lib/gcc/msp430/4.7.2/mmpy-16/libgcc.a(_div_sf.o)
                0x000095b8                __divsf3
 .text          0x00009700       0x4e /usr/local/bin/../lib/gcc/msp430/4.7.2/mmpy-16/libgcc.a(_eq_sf.o)
                0x00009700                __eqsf2
 .text          0x0000974e       0x4e /usr/local/bin/../lib/gcc/msp430/4.7.2/mmpy-16/libgcc.a(_gt_sf.o)
                0x0000974e                __gtsf2
 .text          0x0000979c       0x4e /usr/local/bin/../lib/gcc/msp430/4.7.2/mmpy-16/libgcc.a(_ge_sf.o)
                0x0000979c                __gesf2
 .text          0x000097ea       0x4e /usr/local/bin/../lib/gcc/msp430/4.7.2/mmpy-16/libgcc.a(_lt_sf.o)
                0x000097ea                __ltsf2
 .text          0x00009838       0xa8 /usr/local/bin/../lib/gcc/msp430/4.7.2/mmpy-16/libgcc.a(_si_to_sf.o)
                0x00009838                __floatsisf
 .text          0x000098e0       0x8c /usr/local/bin/../lib/gcc/msp430/4.7.2/mmpy-16/libgcc.a(_sf_to_si.o)
                0x000098e0                __fixsfsi
 .text          0x0000996c       0xe6 /usr/local/bin/../lib/gcc/msp430/4.7.2/mmpy-16/libgcc.a(_usi_to_sf.o)
                0x0000996c                __floatunsisf
 .text          0x00009a52       0x72 /usr/local/bin/../lib/gcc/msp430/4.7.2/mmpy-16/libgcc.a(_clzsi2.o)
                0x00009a52                __clzsi2
 .text          0x00009ac4      0x1da /usr/local/bin/../lib/gcc/msp430/4.7.2/mmpy-16/libgcc.a(_pack_sf.o)
                0x00009ac4                __pack_f
 .text          0x00009c9e      0x13c /usr/local/bin/../lib/gcc/msp430/4.7.2/mmpy-16/libgcc.a(_unpack_sf.o)
                0x00009c9e                __unpack_f
 .text          0x00009dda       0xa4 /usr/local/bin/../lib/gcc/msp430/4.7.2/mmpy-16/libgcc.a(_fpcmp_parts_sf.o)
                0x00009dda                __fpcmp_parts_f
 .text.printf   0x00009e7e       0x10 /usr/local/bin/../lib/gcc/msp430/4.7.2/../../../../msp430/lib/mmpy-16/libc.a(printf.o)
                0x00009e7e                printf
 .text.print_field
                0x00009e8e      0x194 /usr/local/bin/../lib/gcc/msp430/4.7.2/../../../../msp430/lib/mmpy-16/libc.a(vuprintf.o)
 .text.vuprintf
                0x0000a022      0x63e /usr/local/bin/../lib/gcc/msp430/4.7.2/../../../../msp430/lib/mmpy-16/libc.a(vuprintf.o)
                0x0000a022                vuprintf
 .text.puts     0x0000a660       0x2c /usr/local/bin/../lib/gcc/msp430/4.7.2/../../../../msp430/lib/mmpy-16/libc.a(puts.o)
                0x0000a660                puts
 .text.rand     0x0000a68c       0x26 /usr/local/bin/../lib/gcc/msp430/4.7.2/../../../../msp430/lib/mmpy-16/libc.a(rand.o)
                0x0000a68c                rand
 .text.srand    0x0000a6b2        0xa /usr/local/bin/../lib/gcc/msp430/4.7.2/../../../../msp430/lib/mmpy-16/libc.a(rand.o)
                0x0000a6b2                srand
 .text.memcmp   0x0000a6bc       0x30 /usr/local/bin/../lib/gcc/msp430/4.7.2/../../../../msp430/lib/mmpy-16/libc.a(memcmp.o)
                0x0000a6bc                memcmp
 .text.memcpy   0x0000a6ec       0xfa /usr/local/bin/../lib/gcc/msp430/4.7.2/../../../../msp430/lib/mmpy-16/libc.a(memcpy.o)
                0x0000a6ec                memcpy
 .text.memset   0x0000a7e6       0x6a /usr/local/bin/../lib/gcc/msp430/4.7.2/../../../../msp430/lib/mmpy-16/libc.a(memset.o)
                0x0000a7e6                memset
 .text.libgcc   0x0000a850       0x2c /usr/local/bin/../lib/gcc/msp430/4.7.2/mmpy-16/libgcc.a(_mulsi3.o)
                0x0000a850                __mulsi3
 .text.libgcc   0x0000a87c       0x22 /usr/local/bin/../lib/gcc/msp430/4.7.2/mmpy-16/libgcc.a(_udivmod16.o)
                0x0000a87c                __udivhi3
                0x0000a87c                __ext_udivmod16
                0x0000a896                __umodhi3
 .text.libgcc   0x0000a89e       0xf0 /usr/local/bin/../lib/gcc/msp430/4.7.2/mmpy-16/libgcc.a(_udivmod64.o)
                0x0000a89e                __xabi_udivmod64
                0x0000a8fc                __udivdi3
                0x0000a922                __umoddi3
                0x0000a950                __udivmoddi4
 .text.crt0     0x0000a98e        0x2 /usr/local/bin/../lib/gcc/msp430/4.7.2/mmpy-16/libcrt0.a(_unexpected_.o)
                0x0000a98e                _unexpected_
 *(.near.text .near.text.*)

.rodata         0x0000a990     0x10af
                0x0000a990                . = ALIGN (0x2)
 *(.rodata .rodata.* .gnu.linkonce.r.*)
 .rodata        0x0000a990      0x8a2 dct_transformer.o
                0x0000aa20                autostart_processes
 .rodata        0x0000b232       0xcf build/SKY/obj/contiki-main.o
 .rodata        0x0000b301       0x31 build/SKY/contiki-ng-SKY.a(platform.o)
 .rodata        0x0000b332        0xc build/SKY/contiki-ng-SKY.a(etimer.o)
 .rodata        0x0000b33e       0x9a build/SKY/contiki-ng-SKY.a(log.o)
 .rodata        0x0000b3d8        0xf build/SKY/contiki-ng-SKY.a(ctimer.o)
 .rodata        0x0000b3e7       0x6a build/SKY/contiki-ng-SKY.a(stack-check.o)
 .rodata        0x0000b451        0xe build/SKY/contiki-ng-SKY.a(serial-line.o)
 *fill*         0x0000b45f        0x1 00
 .rodata        0x0000b460        0x8 build/SKY/contiki-ng-SKY.a(linkaddr.o)
                0x0000b460                linkaddr_null
 .rodata        0x0000b468       0x14 build/SKY/contiki-ng-SKY.a(csma.o)
                0x0000b46e                csma_driver
 .rodata        0x0000b47c       0x10 build/SKY/contiki-ng-SKY.a(nullnet.o)
                0x0000b484                nullnet_driver
 .rodata        0x0000b48c       0x36 build/SKY/contiki-ng-SKY.a(nullrouting.o)
                0x0000b498                nullrouting_driver
 .rodata        0x0000b4c2       0x10 build/SKY/contiki-ng-SKY.a(button-sensor.o)
                0x0000b4ca                button_sensor
 .rodata        0x0000b4d2        0x8 build/SKY/contiki-ng-SKY.a(sensors.o)
 *fill*         0x0000b4da        0x2 00
 .rodata.get_value
                0x0000b4dc       0x34 build/SKY/contiki-ng-SKY.a(cc2420.o)
 .rodata.set_value
                0x0000b510       0x10 build/SKY/contiki-ng-SKY.a(cc2420.o)
 .rodata        0x0000b520       0x3e build/SKY/contiki-ng-SKY.a(cc2420.o)
                0x0000b520                cc2420_aes_128_driver
                0x0000b524                cc2420_driver
 .rodata        0x0000b55e        0x6 build/SKY/contiki-ng-SKY.a(framer-802154.o)
                0x0000b55e                framer_802154
 .rodata        0x0000b564        0x2 build/SKY/contiki-ng-SKY.a(frame802154.o)
 .rodata.npio2_hw
                0x0000b566       0x80 /usr/local/bin/../lib/gcc/msp430/4.7.2/../../../../msp430/lib/mmpy-16/libm.a(ef_rem_pio2.o)
 .rodata.two_over_pi
                0x0000b5e6      0x318 /usr/local/bin/../lib/gcc/msp430/4.7.2/../../../../msp430/lib/mmpy-16/libm.a(ef_rem_pio2.o)
 .rodata.init_jk
                0x0000b8fe        0x6 /usr/local/bin/../lib/gcc/msp430/4.7.2/../../../../msp430/lib/mmpy-16/libm.a(kf_rem_pio2.o)
 .rodata.PIo2   0x0000b904       0x2c /usr/local/bin/../lib/gcc/msp430/4.7.2/../../../../msp430/lib/mmpy-16/libm.a(kf_rem_pio2.o)
 .rodata        0x0000b930        0x8 /usr/local/bin/../lib/gcc/msp430/4.7.2/mmpy-16/libgcc.a(_thenan_sf.o)
                0x0000b930                __thenan_sf
 .rodata        0x0000b938      0x100 /usr/local/bin/../lib/gcc/msp430/4.7.2/mmpy-16/libgcc.a(_clz.o)
                0x0000b938                __clz_tab
 .rodata.vuprintf
                0x0000ba38        0x7 /usr/local/bin/../lib/gcc/msp430/4.7.2/../../../../msp430/lib/mmpy-16/libc.a(vuprintf.o)
 *(.near.rodata .near.rodata.*)
                0x0000ba40                . = ALIGN (0x2)
                0x0000ba40                _etext = .

.data           0x00001100       0xcc load address 0x0000ba40
                0x00001100                . = ALIGN (0x2)
                0x00001100                __data_start = .
 *(.data .data.* .gnu.linkonce.d.*)
 .data          0x00001100        0xa dct_transformer.o
                0x00001100                main_process
 .data          0x0000110a        0x2 build/SKY/contiki-ng-SKY.a(msp430.o)
 .data          0x0000110c        0xa build/SKY/contiki-ng-SKY.a(etimer.o)
                0x0000110c                etimer_process
 .data          0x00001116       0x50 build/SKY/contiki-ng-SKY.a(log.o)
                0x00001116                all_modules
                0x00001164                curr_log_level_main
 .data          0x00001166        0xa build/SKY/contiki-ng-SKY.a(ctimer.o)
                0x00001166                ctimer_process
 .data          0x00001170        0xa build/SKY/contiki-ng-SKY.a(stack-check.o)
                0x00001170                stack_check_process
 .data          0x0000117a        0xa build/SKY/contiki-ng-SKY.a(serial-line.o)
                0x0000117a                serial_line_process
 .data          0x00001184       0x10 build/SKY/contiki-ng-SKY.a(queuebuf.o)
 .data          0x00001194       0x18 build/SKY/contiki-ng-SKY.a(csma-output.o)
 .data          0x000011ac        0x4 build/SKY/contiki-ng-SKY.a(contiki-sky-pla)
                0x000011ac                sensors
 .data          0x000011b0        0xa build/SKY/contiki-ng-SKY.a(sensors.o)
                0x000011b0                sensors_process
 .data          0x000011ba        0xc build/SKY/contiki-ng-SKY.a(cc2420.o)
                0x000011ba                cc2420_process
 .data          0x000011c6        0x2 build/SKY/contiki-ng-SKY.a(frame802154.o)
 .data.next     0x000011c8        0x4 /usr/local/bin/../lib/gcc/msp430/4.7.2/../../../../msp430/lib/mmpy-16/libc.a(rand.o)
 *(.near.data .near.data.*)
                0x000011cc                . = ALIGN (0x2)
                0x000011cc                _edata = .
                0x0000ba40                __data_load_start = LOADADDR (.data)
                0x000000cc                __data_size = SIZEOF (.data)

.bss            0x000011cc     0x12ca load address 0x0000bb0c
                0x000011cc                __bss_start = .
 *(.bss .bss.*)
 .bss           0x000011cc      0x800 dct_transformer.o
 .bss           0x000019cc        0x8 build/SKY/contiki-ng-SKY.a(platform.o)
 .bss           0x000019d4        0xa build/SKY/contiki-ng-SKY.a(clock.o)
 .bss           0x000019de        0x2 build/SKY/contiki-ng-SKY.a(watchdog.o)
 .bss           0x000019e0        0x6 build/SKY/contiki-ng-SKY.a(etimer.o)
 .bss           0x000019e6       0x16 build/SKY/contiki-ng-SKY.a(log.o)
                0x000019e6                curr_log_level_lwm2m
                0x000019e8                curr_log_level_snmp
                0x000019ea                curr_log_level_coap
                0x000019ec                curr_log_level_6top
                0x000019ee                curr_log_level_framer
                0x000019f0                curr_log_level_mac
                0x000019f2                curr_log_level_nullnet
                0x000019f4                curr_log_level_6lowpan
                0x000019f6                curr_log_level_ipv6
                0x000019f8                curr_log_level_tcpip
                0x000019fa                curr_log_level_rpl
 .bss           0x000019fc        0x4 build/SKY/contiki-ng-SKY.a(ctimer.o)
 .bss           0x00001a00        0x2 build/SKY/contiki-ng-SKY.a(rtimer.o)
 .bss           0x00001a02        0x2 build/SKY/contiki-ng-SKY.a(node-id.o)
                0x00001a02                node_id
 .bss           0x00001a04       0xc8 build/SKY/contiki-ng-SKY.a(process.o)
                0x00001a04                process_current
                0x00001a06                process_list
 .bss           0x00001acc        0xe build/SKY/contiki-ng-SKY.a(stack-check.o)
 .bss           0x00001ada      0x10a build/SKY/contiki-ng-SKY.a(serial-line.o)
 .bss           0x00001be4      0x580 build/SKY/contiki-ng-SKY.a(queuebuf.o)
 .bss           0x00002164       0x86 build/SKY/contiki-ng-SKY.a(packetbuf.o)
 .bss           0x000021ea       0xbe build/SKY/contiki-ng-SKY.a(csma-output.o)
 .bss           0x000022a8        0x2 build/SKY/contiki-ng-SKY.a(nullnet.o)
 .bss           0x000022aa        0x8 build/SKY/contiki-ng-SKY.a(button-sensor.o)
 .bss           0x000022b2        0x6 build/SKY/contiki-ng-SKY.a(sensors.o)
 .bss           0x000022b8       0x10 build/SKY/contiki-ng-SKY.a(cc2420.o)
 .bss           0x000022c8       0x9a build/SKY/contiki-ng-SKY.a(uart1.o)
 .bss           0x00002362       0xe0 build/SKY/contiki-ng-SKY.a(mac-sequence.o)
 .bss           0x00002442        0x2 build/SKY/contiki-ng-SKY.a(framer-802154.o)
 *(.near.bss .near.bss.*)
 *(COMMON)
 COMMON         0x00002444        0x2 build/SKY/contiki-ng-SKY.a(msp430.o)
                0x00002444                msp430_dco_required
 COMMON         0x00002446        0x1 build/SKY/contiki-ng-SKY.a(serial-line.o)
                0x00002446                serial_line_event_message
 *fill*         0x00002447        0x1 00
 COMMON         0x00002448       0x2a build/SKY/contiki-ng-SKY.a(packetbuf.o)
                0x00002448                packetbuf_addrs
                0x00002458                packetbuf_attrs
 COMMON         0x00002472        0x8 build/SKY/contiki-ng-SKY.a(linkaddr.o)
                0x00002472                linkaddr_node_addr
 COMMON         0x0000247a        0x4 build/SKY/contiki-ng-SKY.a(nullnet.o)
                0x0000247a                nullnet_buf
                0x0000247c                nullnet_len
 COMMON         0x0000247e        0x2 build/SKY/contiki-ng-SKY.a(contiki-sky-pla)
                0x0000247e                sensors_flags
 COMMON         0x00002480        0x8 build/SKY/contiki-ng-SKY.a(ds2411.o)
                0x00002480                ds2411_id
 COMMON         0x00002488        0x1 build/SKY/contiki-ng-SKY.a(sensors.o)
                0x00002488                sensors_event
 *fill*         0x00002489        0x1 00
 COMMON         0x0000248a        0xc build/SKY/contiki-ng-SKY.a(cc2420.o)
                0x0000248a                cc2420_last_rssi
                0x0000248c                cc2420_sfd_start_time
                0x0000248e                cc2420_last_correlation
                0x00002490                cc2420_authority_level_of_sender
                0x00002492                cc2420_sfd_counter
                0x00002494                cc2420_sfd_end_time
                0x00002496                . = ALIGN (0x2)
                0x00002496                __bss_end = .
                0x000012ca                __bss_size = SIZEOF (.bss)

.noinit         0x00002496        0x2 load address 0x0000bb0c
                0x00002496                . = ALIGN (0x2)
                0x00002496                __noinit_start = .
 *(.noinit .noinit.*)
 .noinit.crt0   0x00002496        0x2 /usr/local/bin/../lib/gcc/msp430/4.7.2/mmpy-16/libcrt0.a(__watchdog_support.o)
                0x00002496                __wdt_clear_value
                0x00002498                . = ALIGN (0x2)
                0x00002498                __noinit_end = .
                0x00002498                . = ALIGN (0x2)
                0x00002498                _end = .

.infomem        0x00001000        0x0
                0x00001000                . = ALIGN (0x2)
 *(.infomem .infomem.*)

.infomemnobits  0x00001000        0x0
                0x00001000                . = ALIGN (0x2)
 *(.infomemnobits .infomemnobits.*)

.infoa          0x00001080        0x0
                0x00001080                . = ALIGN (0x2)
 *(.infoa .infoa.*)

.infob          0x00001000        0x0
                0x00001000                . = ALIGN (0x2)
 *(.infob .infob.*)

.infoc          0x00000000        0x0
                0x00000000                . = ALIGN (0x2)
 *(.infoc .infoc.*)

.infod          0x00000000        0x0
                0x00000000                . = ALIGN (0x2)
 *(.infod .infod.*)
                0x0000ffff                PROVIDE (__vte_0, 0xffff)
                0x0000ffff                PROVIDE (__vte_1, 0xffff)
                0x0000ffff                PROVIDE (__vte_2, 0xffff)
                0x0000ffff                PROVIDE (__vte_3, 0xffff)
                0x0000ffff                PROVIDE (__vte_4, 0xffff)
                0x0000ffff                PROVIDE (__vte_5, 0xffff)
                0x0000ffff                PROVIDE (__vte_6, 0xffff)
                0x0000ffff                PROVIDE (__vte_7, 0xffff)
                0x0000ffff                PROVIDE (__vte_8, 0xffff)
                0x0000ffff                PROVIDE (__vte_9, 0xffff)
                0x0000ffff                PROVIDE (__vte_10, 0xffff)
                0x0000ffff                PROVIDE (__vte_11, 0xffff)
                0x0000ffff                PROVIDE (__vte_12, 0xffff)
                0x0000ffff                PROVIDE (__vte_13, 0xffff)
                0x0000ffff                PROVIDE (__vte_14, 0xffff)
                0x0000ffff                PROVIDE (__vte_15, 0xffff)
                0x0000ffff                PROVIDE (__vte_16, 0xffff)
                0x0000ffff                PROVIDE (__vte_17, 0xffff)
                0x0000ffff                PROVIDE (__vte_18, 0xffff)
                0x0000ffff                PROVIDE (__vte_19, 0xffff)
                0x0000ffff                PROVIDE (__vte_20, 0xffff)
                0x0000ffff                PROVIDE (__vte_21, 0xffff)
                0x0000ffff                PROVIDE (__vte_22, 0xffff)
                0x0000ffff                PROVIDE (__vte_23, 0xffff)
                0x0000ffff                PROVIDE (__vte_24, 0xffff)
                0x0000ffff                PROVIDE (__vte_25, 0xffff)
                0x0000ffff                PROVIDE (__vte_26, 0xffff)
                0x0000ffff                PROVIDE (__vte_27, 0xffff)
                0x0000ffff                PROVIDE (__vte_28, 0xffff)
                0x0000ffff                PROVIDE (__vte_29, 0xffff)
                0x0000ffff                PROVIDE (__vte_30, 0xffff)
                0x0000ffff                PROVIDE (__vte_31, 0xffff)

.vectors        0x0000ffe0       0x20
                0x0000ffe0                __vectors_start = .
 *(.vectors*)
 .vectors       0x0000ffe0       0x20 /usr/local/bin/../lib/gcc/msp430/4.7.2/mmpy-16/crt0ivtbl16.o
                0x0000ffe0                __ivtbl_16
                0x00010000                _vectors_end = .

.fartext        0x00000000        0x0
                0x00000000                . = ALIGN (0x2)
 *(.fartext .fartext.*)

.far.text       0x00000000        0x0
                0x00000000                . = ALIGN (0x2)
 *(.far.text .far.text.*)

.far.rodata     0x00000000        0x0
                0x00000000                . = ALIGN (0x2)
 *(.far.rodata .far.rodata.*)
                0x00000000                . = ALIGN (0x2)
                0x00000000                _efartext = .

.far.data       0x00000000        0x0
                0x00000000                . = ALIGN (0x2)
                0x00000000                __far_data_start = .
 *(.far.data .far.data.*)
                0x00000000                . = ALIGN (0x2)
                0x00000000                _efardata = .
                0x00000000                __far_data_load_start = LOADADDR (.far.data)
                0x00000000                __far_data_size = SIZEOF (.far.data)

.far.bss        0x00000000        0x0
                0x00000000                . = ALIGN (0x2)
                0x00000000                __far_bss_start = .
 *(.far.bss .far.bss.*)
                0x00000000                . = ALIGN (0x2)
                0x00000000                __far_bss_end = .
                0x00000000                __far_bss_size = SIZEOF (.far.bss)
                0x00000000                . = ALIGN (0x2)
                0x00000000                _far_end = .

.profiler
 *(.profiler)

.stab           0x00000000    0x15d98
 *(.stab)
 .stab          0x00000000      0xdec dct_transformer.o
 .stab          0x00000dec     0x1470 build/SKY/obj/contiki-main.o
                               0x1998 (size before relaxing)
 .stab          0x0000225c      0x228 build/SKY/contiki-ng-SKY.a(uart1-putchar.o)
                                0x6fc (size before relaxing)
 .stab          0x00002484      0xe40 build/SKY/contiki-ng-SKY.a(platform.o)
                               0x138c (size before relaxing)
 .stab          0x000032c4      0x714 build/SKY/contiki-ng-SKY.a(msp430.o)
                                0xa38 (size before relaxing)
 .stab          0x000039d8      0x900 build/SKY/contiki-ng-SKY.a(clock.o)
                                0xc48 (size before relaxing)
 .stab          0x000042d8      0x468 build/SKY/contiki-ng-SKY.a(leds.o)
                                0x828 (size before relaxing)
 .stab          0x00004740      0x384 build/SKY/contiki-ng-SKY.a(leds-arch.o)
                                0x744 (size before relaxing)
 .stab          0x00004ac4      0x3b4 build/SKY/contiki-ng-SKY.a(watchdog.o)
                                0x6d8 (size before relaxing)
 .stab          0x00004e78      0x2ac build/SKY/contiki-ng-SKY.a(autostart.o)
                                0x5d0 (size before relaxing)
 .stab          0x00005124      0x270 build/SKY/contiki-ng-SKY.a(energest.o)
                                0x5b8 (size before relaxing)
 .stab          0x00005394      0xa98 build/SKY/contiki-ng-SKY.a(etimer.o)
                                0xdbc (size before relaxing)
 .stab          0x00005e2c      0x6f0 build/SKY/contiki-ng-SKY.a(log.o)
                                0xe88 (size before relaxing)
 .stab          0x0000651c      0x804 build/SKY/contiki-ng-SKY.a(ctimer.o)
                                0xb40 (size before relaxing)
 .stab          0x00006d20      0x348 build/SKY/contiki-ng-SKY.a(rtimer.o)
                                0x66c (size before relaxing)
 .stab          0x00007068      0x264 build/SKY/contiki-ng-SKY.a(node-id.o)
                                0x9c0 (size before relaxing)
 .stab          0x000072cc      0xb88 build/SKY/contiki-ng-SKY.a(process.o)
                               0x1098 (size before relaxing)
 .stab          0x00007e54      0x3b4 build/SKY/contiki-ng-SKY.a(timer.o)
                                0x6d8 (size before relaxing)
 .stab          0x00008208      0x5d0 build/SKY/contiki-ng-SKY.a(stack-check.o)
                                0xb04 (size before relaxing)
 .stab          0x000087d8      0x954 build/SKY/contiki-ng-SKY.a(list.o)
                                0xe40 (size before relaxing)
 .stab          0x0000912c      0x1d4 build/SKY/contiki-ng-SKY.a(random.o)
                                0x51c (size before relaxing)
 .stab          0x00009300      0x510 build/SKY/contiki-ng-SKY.a(serial-line.o)
                                0x9e4 (size before relaxing)
 .stab          0x00009810      0x96c build/SKY/contiki-ng-SKY.a(queuebuf.o)
                               0x1758 (size before relaxing)
 .stab          0x0000a17c      0xc48 build/SKY/contiki-ng-SKY.a(packetbuf.o)
                               0x1a40 (size before relaxing)
 .stab          0x0000adc4      0x4a4 build/SKY/contiki-ng-SKY.a(netstack.o)
                                0x8b8 (size before relaxing)
 .stab          0x0000b268      0x30c build/SKY/contiki-ng-SKY.a(linkaddr.o)
                                0x7f8 (size before relaxing)
 .stab          0x0000b574      0x924 build/SKY/contiki-ng-SKY.a(csma.o)
                                0xee8 (size before relaxing)
 .stab          0x0000be98      0xc30 build/SKY/contiki-ng-SKY.a(csma-output.o)
                               0x1590 (size before relaxing)
 .stab          0x0000cac8      0x774 build/SKY/contiki-ng-SKY.a(nullnet.o)
                                0xda4 (size before relaxing)
 .stab          0x0000d23c      0x888 build/SKY/contiki-ng-SKY.a(nullrouting.o)
                               0x1338 (size before relaxing)
 .stab          0x0000dac4      0x240 build/SKY/contiki-ng-SKY.a(contiki-sky-pla)
                                0x564 (size before relaxing)
 .stab          0x0000dd04      0x42c build/SKY/contiki-ng-SKY.a(button-sensor.o)
                                0x768 (size before relaxing)
 .stab          0x0000e130      0x600 build/SKY/contiki-ng-SKY.a(ds2411.o)
                                0xaec (size before relaxing)
 .stab          0x0000e730      0x990 build/SKY/contiki-ng-SKY.a(xmem.o)
                                0xe88 (size before relaxing)
 .stab          0x0000f0c0      0x684 build/SKY/contiki-ng-SKY.a(sensors.o)
                                0xb70 (size before relaxing)
 .stab          0x0000f744     0x279c build/SKY/contiki-ng-SKY.a(cc2420.o)
                               0x2fa0 (size before relaxing)
 .stab          0x00011ee0      0x438 build/SKY/contiki-ng-SKY.a(cc2420-arch.o)
                               0x11dc (size before relaxing)
 .stab          0x00012318      0x5d0 build/SKY/contiki-ng-SKY.a(uart1.o)
                                0x90c (size before relaxing)
 .stab          0x000128e8      0x378 build/SKY/contiki-ng-SKY.a(rtimer-arch.o)
                                0x69c (size before relaxing)
 .stab          0x00012c60      0x5ac build/SKY/contiki-ng-SKY.a(memb.o)
                                0xab0 (size before relaxing)
 .stab          0x0001320c      0x450 build/SKY/contiki-ng-SKY.a(ringbuf.o)
                                0x78c (size before relaxing)
 .stab          0x0001365c      0x57c build/SKY/contiki-ng-SKY.a(mac-sequence.o)
                               0x1374 (size before relaxing)
 .stab          0x00013bd8      0x294 build/SKY/contiki-ng-SKY.a(mac.o)
                                0x864 (size before relaxing)
 .stab          0x00013e6c      0x7a4 build/SKY/contiki-ng-SKY.a(framer-802154.o)
                                0xff0 (size before relaxing)
 .stab          0x00014610     0x1194 build/SKY/contiki-ng-SKY.a(frame802154.o)
                               0x1938 (size before relaxing)
 .stab          0x000157a4      0x39c build/SKY/contiki-ng-SKY.a(csma-security.o)
                                0xce4 (size before relaxing)
 .stab          0x00015b40      0x258 build/SKY/contiki-ng-SKY.a(spi-legacy.o)
                                0x57c (size before relaxing)

.stabstr        0x00000000    0x14327
 *(.stabstr)
 .stabstr       0x00000000    0x14327 dct_transformer.o

.stab.excl
 *(.stab.excl)

.stab.exclstr
 *(.stab.exclstr)

.stab.index
 *(.stab.index)

.stab.indexstr
 *(.stab.indexstr)

.comment        0x00000000       0x30
 *(.comment)
 .comment       0x00000000       0x30 dct_transformer.o
                                 0x31 (size before relaxing)
 .comment       0x00000000       0x31 build/SKY/obj/contiki-main.o
 .comment       0x00000000       0x31 build/SKY/contiki-ng-SKY.a(uart1-putchar.o)
 .comment       0x00000000       0x31 build/SKY/contiki-ng-SKY.a(platform.o)
 .comment       0x00000000       0x31 build/SKY/contiki-ng-SKY.a(msp430.o)
 .comment       0x00000000       0x31 build/SKY/contiki-ng-SKY.a(clock.o)
 .comment       0x00000000       0x31 build/SKY/contiki-ng-SKY.a(leds.o)
 .comment       0x00000000       0x31 build/SKY/contiki-ng-SKY.a(leds-arch.o)
 .comment       0x00000000       0x31 build/SKY/contiki-ng-SKY.a(watchdog.o)
 .comment       0x00000000       0x31 build/SKY/contiki-ng-SKY.a(autostart.o)
 .comment       0x00000000       0x31 build/SKY/contiki-ng-SKY.a(energest.o)
 .comment       0x00000000       0x31 build/SKY/contiki-ng-SKY.a(etimer.o)
 .comment       0x00000000       0x31 build/SKY/contiki-ng-SKY.a(log.o)
 .comment       0x00000000       0x31 build/SKY/contiki-ng-SKY.a(ctimer.o)
 .comment       0x00000000       0x31 build/SKY/contiki-ng-SKY.a(rtimer.o)
 .comment       0x00000000       0x31 build/SKY/contiki-ng-SKY.a(node-id.o)
 .comment       0x00000000       0x31 build/SKY/contiki-ng-SKY.a(process.o)
 .comment       0x00000000       0x31 build/SKY/contiki-ng-SKY.a(timer.o)
 .comment       0x00000000       0x31 build/SKY/contiki-ng-SKY.a(stack-check.o)
 .comment       0x00000000       0x31 build/SKY/contiki-ng-SKY.a(list.o)
 .comment       0x00000000       0x31 build/SKY/contiki-ng-SKY.a(random.o)
 .comment       0x00000000       0x31 build/SKY/contiki-ng-SKY.a(serial-line.o)
 .comment       0x00000000       0x31 build/SKY/contiki-ng-SKY.a(queuebuf.o)
 .comment       0x00000000       0x31 build/SKY/contiki-ng-SKY.a(packetbuf.o)
 .comment       0x00000000       0x31 build/SKY/contiki-ng-SKY.a(netstack.o)
 .comment       0x00000000       0x31 build/SKY/contiki-ng-SKY.a(linkaddr.o)
 .comment       0x00000000       0x31 build/SKY/contiki-ng-SKY.a(csma.o)
 .comment       0x00000000       0x31 build/SKY/contiki-ng-SKY.a(csma-output.o)
 .comment       0x00000000       0x31 build/SKY/contiki-ng-SKY.a(nullnet.o)
 .comment       0x00000000       0x31 build/SKY/contiki-ng-SKY.a(nullrouting.o)
 .comment       0x00000000       0x31 build/SKY/contiki-ng-SKY.a(contiki-sky-pla)
 .comment       0x00000000       0x31 build/SKY/contiki-ng-SKY.a(button-sensor.o)
 .comment       0x00000000       0x31 build/SKY/contiki-ng-SKY.a(ds2411.o)
 .comment       0x00000000       0x31 build/SKY/contiki-ng-SKY.a(xmem.o)
 .comment       0x00000000       0x31 build/SKY/contiki-ng-SKY.a(sensors.o)
 .comment       0x00000000       0x31 build/SKY/contiki-ng-SKY.a(cc2420.o)
 .comment       0x00000000       0x31 build/SKY/contiki-ng-SKY.a(cc2420-arch.o)
 .comment       0x00000000       0x31 build/SKY/contiki-ng-SKY.a(uart1.o)
 .comment       0x00000000       0x31 build/SKY/contiki-ng-SKY.a(rtimer-arch.o)
 .comment       0x00000000       0x31 build/SKY/contiki-ng-SKY.a(memb.o)
 .comment       0x00000000       0x31 build/SKY/contiki-ng-SKY.a(ringbuf.o)
 .comment       0x00000000       0x31 build/SKY/contiki-ng-SKY.a(mac-sequence.o)
 .comment       0x00000000       0x31 build/SKY/contiki-ng-SKY.a(mac.o)
 .comment       0x00000000       0x31 build/SKY/contiki-ng-SKY.a(framer-802154.o)
 .comment       0x00000000       0x31 build/SKY/contiki-ng-SKY.a(frame802154.o)
 .comment       0x00000000       0x31 build/SKY/contiki-ng-SKY.a(csma-security.o)
 .comment       0x00000000       0x31 build/SKY/contiki-ng-SKY.a(spi-legacy.o)
 .comment       0x00000000       0x31 /usr/local/bin/../lib/gcc/msp430/4.7.2/../../../../msp430/lib/mmpy-16/libm.a(sf_modf.o)
 .comment       0x00000000       0x31 /usr/local/bin/../lib/gcc/msp430/4.7.2/../../../../msp430/lib/mmpy-16/libm.a(sf_cos.o)
 .comment       0x00000000       0x31 /usr/local/bin/../lib/gcc/msp430/4.7.2/../../../../msp430/lib/mmpy-16/libm.a(kf_sin.o)
 .comment       0x00000000       0x31 /usr/local/bin/../lib/gcc/msp430/4.7.2/../../../../msp430/lib/mmpy-16/libm.a(kf_cos.o)
 .comment       0x00000000       0x31 /usr/local/bin/../lib/gcc/msp430/4.7.2/../../../../msp430/lib/mmpy-16/libm.a(ef_rem_pio2.o)
 .comment       0x00000000       0x31 /usr/local/bin/../lib/gcc/msp430/4.7.2/../../../../msp430/lib/mmpy-16/libm.a(kf_rem_pio2.o)
 .comment       0x00000000       0x31 /usr/local/bin/../lib/gcc/msp430/4.7.2/../../../../msp430/lib/mmpy-16/libm.a(sf_scalbn.o)
 .comment       0x00000000       0x31 /usr/local/bin/../lib/gcc/msp430/4.7.2/../../../../msp430/lib/mmpy-16/libm.a(sf_floor.o)
 .comment       0x00000000       0x31 /usr/local/bin/../lib/gcc/msp430/4.7.2/mmpy-16/libgcc.a(_fixunssfsi.o)
 .comment       0x00000000       0x31 /usr/local/bin/../lib/gcc/msp430/4.7.2/mmpy-16/libgcc.a(_addsub_sf.o)
 .comment       0x00000000       0x31 /usr/local/bin/../lib/gcc/msp430/4.7.2/mmpy-16/libgcc.a(_mul_sf.o)
 .comment       0x00000000       0x31 /usr/local/bin/../lib/gcc/msp430/4.7.2/mmpy-16/libgcc.a(_div_sf.o)
 .comment       0x00000000       0x31 /usr/local/bin/../lib/gcc/msp430/4.7.2/mmpy-16/libgcc.a(_eq_sf.o)
 .comment       0x00000000       0x31 /usr/local/bin/../lib/gcc/msp430/4.7.2/mmpy-16/libgcc.a(_gt_sf.o)
 .comment       0x00000000       0x31 /usr/local/bin/../lib/gcc/msp430/4.7.2/mmpy-16/libgcc.a(_ge_sf.o)
 .comment       0x00000000       0x31 /usr/local/bin/../lib/gcc/msp430/4.7.2/mmpy-16/libgcc.a(_lt_sf.o)
 .comment       0x00000000       0x31 /usr/local/bin/../lib/gcc/msp430/4.7.2/mmpy-16/libgcc.a(_si_to_sf.o)
 .comment       0x00000000       0x31 /usr/local/bin/../lib/gcc/msp430/4.7.2/mmpy-16/libgcc.a(_sf_to_si.o)
 .comment       0x00000000       0x31 /usr/local/bin/../lib/gcc/msp430/4.7.2/mmpy-16/libgcc.a(_thenan_sf.o)
 .comment       0x00000000       0x31 /usr/local/bin/../lib/gcc/msp430/4.7.2/mmpy-16/libgcc.a(_usi_to_sf.o)
 .comment       0x00000000       0x31 /usr/local/bin/../lib/gcc/msp430/4.7.2/mmpy-16/libgcc.a(_clzsi2.o)
 .comment       0x00000000       0x31 /usr/local/bin/../lib/gcc/msp430/4.7.2/mmpy-16/libgcc.a(_pack_sf.o)
 .comment       0x00000000       0x31 /usr/local/bin/../lib/gcc/msp430/4.7.2/mmpy-16/libgcc.a(_unpack_sf.o)
 .comment       0x00000000       0x31 /usr/local/bin/../lib/gcc/msp430/4.7.2/mmpy-16/libgcc.a(_fpcmp_parts_sf.o)
 .comment       0x00000000       0x31 /usr/local/bin/../lib/gcc/msp430/4.7.2/mmpy-16/libgcc.a(_clz.o)
 .comment       0x00000000       0x31 /usr/local/bin/../lib/gcc/msp430/4.7.2/../../../../msp430/lib/mmpy-16/libc.a(printf.o)
 .comment       0x00000000       0x31 /usr/local/bin/../lib/gcc/msp430/4.7.2/../../../../msp430/lib/mmpy-16/libc.a(vuprintf.o)
 .comment       0x00000000       0x31 /usr/local/bin/../lib/gcc/msp430/4.7.2/../../../../msp430/lib/mmpy-16/libc.a(puts.o)
 .comment       0x00000000       0x31 /usr/local/bin/../lib/gcc/msp430/4.7.2/../../../../msp430/lib/mmpy-16/libc.a(rand.o)
 .comment       0x00000000       0x31 /usr/local/bin/../lib/gcc/msp430/4.7.2/../../../../msp430/lib/mmpy-16/libc.a(memcmp.o)
 .comment       0x00000000       0x31 /usr/local/bin/../lib/gcc/msp430/4.7.2/../../../../msp430/lib/mmpy-16/libc.a(memcpy.o)
 .comment       0x00000000       0x31 /usr/local/bin/../lib/gcc/msp430/4.7.2/../../../../msp430/lib/mmpy-16/libc.a(memset.o)

.debug
 *(.debug)

.line
 *(.line)

.debug_srcinfo
 *(.debug_srcinfo)

.debug_sfnames
 *(.debug_sfnames)

.debug_aranges  0x00000000      0x374
 *(.debug_aranges)
 .debug_aranges
                0x00000000       0x14 /usr/local/bin/../lib/gcc/msp430/4.7.2/mmpy-16/crt0ivtbl16.o
 .debug_aranges
                0x00000014       0x18 /usr/local/bin/../lib/gcc/msp430/4.7.2/../../../../msp430/lib/mmpy-16/libm.a(sf_modf.o)
 .debug_aranges
                0x0000002c       0x18 /usr/local/bin/../lib/gcc/msp430/4.7.2/../../../../msp430/lib/mmpy-16/libm.a(sf_cos.o)
 .debug_aranges
                0x00000044       0x14 /usr/local/bin/../lib/gcc/msp430/4.7.2/../../../../msp430/lib/mmpy-16/libm.a(kf_sin.o)
 .debug_aranges
                0x00000058       0x14 /usr/local/bin/../lib/gcc/msp430/4.7.2/../../../../msp430/lib/mmpy-16/libm.a(kf_cos.o)
 .debug_aranges
                0x0000006c       0x14 /usr/local/bin/../lib/gcc/msp430/4.7.2/../../../../msp430/lib/mmpy-16/libm.a(ef_rem_pio2.o)
 .debug_aranges
                0x00000080       0x14 /usr/local/bin/../lib/gcc/msp430/4.7.2/../../../../msp430/lib/mmpy-16/libm.a(kf_rem_pio2.o)
 .debug_aranges
                0x00000094       0x18 /usr/local/bin/../lib/gcc/msp430/4.7.2/../../../../msp430/lib/mmpy-16/libm.a(sf_scalbn.o)
 .debug_aranges
                0x000000ac       0x18 /usr/local/bin/../lib/gcc/msp430/4.7.2/../../../../msp430/lib/mmpy-16/libm.a(sf_floor.o)
 .debug_aranges
                0x000000c4       0x14 /usr/local/bin/../lib/gcc/msp430/4.7.2/mmpy-16/libgcc.a(_udivmod32.o)
 .debug_aranges
                0x000000d8       0x14 /usr/local/bin/../lib/gcc/msp430/4.7.2/mmpy-16/libgcc.a(_fixunssfsi.o)
 .debug_aranges
                0x000000ec       0x14 /usr/local/bin/../lib/gcc/msp430/4.7.2/mmpy-16/libgcc.a(_addsub_sf.o)
 .debug_aranges
                0x00000100       0x14 /usr/local/bin/../lib/gcc/msp430/4.7.2/mmpy-16/libgcc.a(_mul_sf.o)
 .debug_aranges
                0x00000114       0x14 /usr/local/bin/../lib/gcc/msp430/4.7.2/mmpy-16/libgcc.a(_div_sf.o)
 .debug_aranges
                0x00000128       0x14 /usr/local/bin/../lib/gcc/msp430/4.7.2/mmpy-16/libgcc.a(_eq_sf.o)
 .debug_aranges
                0x0000013c       0x14 /usr/local/bin/../lib/gcc/msp430/4.7.2/mmpy-16/libgcc.a(_gt_sf.o)
 .debug_aranges
                0x00000150       0x14 /usr/local/bin/../lib/gcc/msp430/4.7.2/mmpy-16/libgcc.a(_ge_sf.o)
 .debug_aranges
                0x00000164       0x14 /usr/local/bin/../lib/gcc/msp430/4.7.2/mmpy-16/libgcc.a(_lt_sf.o)
 .debug_aranges
                0x00000178       0x14 /usr/local/bin/../lib/gcc/msp430/4.7.2/mmpy-16/libgcc.a(_si_to_sf.o)
 .debug_aranges
                0x0000018c       0x14 /usr/local/bin/../lib/gcc/msp430/4.7.2/mmpy-16/libgcc.a(_sf_to_si.o)
 .debug_aranges
                0x000001a0       0x10 /usr/local/bin/../lib/gcc/msp430/4.7.2/mmpy-16/libgcc.a(_thenan_sf.o)
 .debug_aranges
                0x000001b0       0x14 /usr/local/bin/../lib/gcc/msp430/4.7.2/mmpy-16/libgcc.a(_usi_to_sf.o)
 .debug_aranges
                0x000001c4       0x14 /usr/local/bin/../lib/gcc/msp430/4.7.2/mmpy-16/libgcc.a(_clzsi2.o)
 .debug_aranges
                0x000001d8       0x14 /usr/local/bin/../lib/gcc/msp430/4.7.2/mmpy-16/libgcc.a(_pack_sf.o)
 .debug_aranges
                0x000001ec       0x14 /usr/local/bin/../lib/gcc/msp430/4.7.2/mmpy-16/libgcc.a(_unpack_sf.o)
 .debug_aranges
                0x00000200       0x14 /usr/local/bin/../lib/gcc/msp430/4.7.2/mmpy-16/libgcc.a(_fpcmp_parts_sf.o)
 .debug_aranges
                0x00000214       0x10 /usr/local/bin/../lib/gcc/msp430/4.7.2/mmpy-16/libgcc.a(_clz.o)
 .debug_aranges
                0x00000224       0x18 /usr/local/bin/../lib/gcc/msp430/4.7.2/../../../../msp430/lib/mmpy-16/libc.a(printf.o)
 .debug_aranges
                0x0000023c       0x18 /usr/local/bin/../lib/gcc/msp430/4.7.2/../../../../msp430/lib/mmpy-16/libc.a(vuprintf.o)
 .debug_aranges
                0x00000254       0x14 /usr/local/bin/../lib/gcc/msp430/4.7.2/../../../../msp430/lib/mmpy-16/libc.a(puts.o)
 .debug_aranges
                0x00000268       0x1c /usr/local/bin/../lib/gcc/msp430/4.7.2/../../../../msp430/lib/mmpy-16/libc.a(rand.o)
 .debug_aranges
                0x00000284       0x14 /usr/local/bin/../lib/gcc/msp430/4.7.2/../../../../msp430/lib/mmpy-16/libc.a(memcmp.o)
 .debug_aranges
                0x00000298       0x14 /usr/local/bin/../lib/gcc/msp430/4.7.2/../../../../msp430/lib/mmpy-16/libc.a(memcpy.o)
 .debug_aranges
                0x000002ac       0x14 /usr/local/bin/../lib/gcc/msp430/4.7.2/../../../../msp430/lib/mmpy-16/libc.a(memset.o)
 .debug_aranges
                0x000002c0       0x14 /usr/local/bin/../lib/gcc/msp430/4.7.2/mmpy-16/libgcc.a(_mulsi3.o)
 .debug_aranges
                0x000002d4       0x14 /usr/local/bin/../lib/gcc/msp430/4.7.2/mmpy-16/libgcc.a(_udivmod16.o)
 .debug_aranges
                0x000002e8       0x14 /usr/local/bin/../lib/gcc/msp430/4.7.2/mmpy-16/libgcc.a(_udivmod64.o)
 .debug_aranges
                0x000002fc       0x14 /usr/local/bin/../lib/gcc/msp430/4.7.2/mmpy-16/libcrt0.a(__watchdog_support.o)
 .debug_aranges
                0x00000310       0x14 /usr/local/bin/../lib/gcc/msp430/4.7.2/mmpy-16/libcrt0.a(__init_stack.o)
 .debug_aranges
                0x00000324       0x14 /usr/local/bin/../lib/gcc/msp430/4.7.2/mmpy-16/libcrt0.a(_copy_data.o)
 .debug_aranges
                0x00000338       0x14 /usr/local/bin/../lib/gcc/msp430/4.7.2/mmpy-16/libcrt0.a(_clear_bss.o)
 .debug_aranges
                0x0000034c       0x14 /usr/local/bin/../lib/gcc/msp430/4.7.2/mmpy-16/libcrt0.a(_endless_loop__.o)
 .debug_aranges
                0x00000360       0x14 /usr/local/bin/../lib/gcc/msp430/4.7.2/mmpy-16/libcrt0.a(_unexpected_.o)

.debug_pubnames
 *(.debug_pubnames)

.debug_info     0x00000000     0x4ed1
 *(.debug_info)
 .debug_info    0x00000000       0x8f /usr/local/bin/../lib/gcc/msp430/4.7.2/mmpy-16/crt0ivtbl16.o
 .debug_info    0x0000008f      0x1fe /usr/local/bin/../lib/gcc/msp430/4.7.2/../../../../msp430/lib/mmpy-16/libm.a(sf_modf.o)
 .debug_info    0x0000028d      0x1d0 /usr/local/bin/../lib/gcc/msp430/4.7.2/../../../../msp430/lib/mmpy-16/libm.a(sf_cos.o)
 .debug_info    0x0000045d      0x16b /usr/local/bin/../lib/gcc/msp430/4.7.2/../../../../msp430/lib/mmpy-16/libm.a(kf_sin.o)
 .debug_info    0x000005c8      0x1c8 /usr/local/bin/../lib/gcc/msp430/4.7.2/../../../../msp430/lib/mmpy-16/libm.a(kf_cos.o)
 .debug_info    0x00000790      0x343 /usr/local/bin/../lib/gcc/msp430/4.7.2/../../../../msp430/lib/mmpy-16/libm.a(ef_rem_pio2.o)
 .debug_info    0x00000ad3      0x373 /usr/local/bin/../lib/gcc/msp430/4.7.2/../../../../msp430/lib/mmpy-16/libm.a(kf_rem_pio2.o)
 .debug_info    0x00000e46      0x1f5 /usr/local/bin/../lib/gcc/msp430/4.7.2/../../../../msp430/lib/mmpy-16/libm.a(sf_scalbn.o)
 .debug_info    0x0000103b      0x184 /usr/local/bin/../lib/gcc/msp430/4.7.2/../../../../msp430/lib/mmpy-16/libm.a(sf_floor.o)
 .debug_info    0x000011bf       0x8c /usr/local/bin/../lib/gcc/msp430/4.7.2/mmpy-16/libgcc.a(_udivmod32.o)
 .debug_info    0x0000124b       0xb6 /usr/local/bin/../lib/gcc/msp430/4.7.2/mmpy-16/libgcc.a(_fixunssfsi.o)
 .debug_info    0x00001301      0x50d /usr/local/bin/../lib/gcc/msp430/4.7.2/mmpy-16/libgcc.a(_addsub_sf.o)
 .debug_info    0x0000180e      0x447 /usr/local/bin/../lib/gcc/msp430/4.7.2/mmpy-16/libgcc.a(_mul_sf.o)
 .debug_info    0x00001c55      0x3d3 /usr/local/bin/../lib/gcc/msp430/4.7.2/mmpy-16/libgcc.a(_div_sf.o)
 .debug_info    0x00002028      0x2fa /usr/local/bin/../lib/gcc/msp430/4.7.2/mmpy-16/libgcc.a(_eq_sf.o)
 .debug_info    0x00002322      0x2fa /usr/local/bin/../lib/gcc/msp430/4.7.2/mmpy-16/libgcc.a(_gt_sf.o)
 .debug_info    0x0000261c      0x2fa /usr/local/bin/../lib/gcc/msp430/4.7.2/mmpy-16/libgcc.a(_ge_sf.o)
 .debug_info    0x00002916      0x2fa /usr/local/bin/../lib/gcc/msp430/4.7.2/mmpy-16/libgcc.a(_lt_sf.o)
 .debug_info    0x00002c10      0x243 /usr/local/bin/../lib/gcc/msp430/4.7.2/mmpy-16/libgcc.a(_si_to_sf.o)
 .debug_info    0x00002e53      0x2cb /usr/local/bin/../lib/gcc/msp430/4.7.2/mmpy-16/libgcc.a(_sf_to_si.o)
 .debug_info    0x0000311e      0x167 /usr/local/bin/../lib/gcc/msp430/4.7.2/mmpy-16/libgcc.a(_thenan_sf.o)
 .debug_info    0x00003285      0x240 /usr/local/bin/../lib/gcc/msp430/4.7.2/mmpy-16/libgcc.a(_usi_to_sf.o)
 .debug_info    0x000034c5      0x111 /usr/local/bin/../lib/gcc/msp430/4.7.2/mmpy-16/libgcc.a(_clzsi2.o)
 .debug_info    0x000035d6      0x2ba /usr/local/bin/../lib/gcc/msp430/4.7.2/mmpy-16/libgcc.a(_pack_sf.o)
 .debug_info    0x00003890      0x24a /usr/local/bin/../lib/gcc/msp430/4.7.2/mmpy-16/libgcc.a(_unpack_sf.o)
 .debug_info    0x00003ada      0x1dd /usr/local/bin/../lib/gcc/msp430/4.7.2/mmpy-16/libgcc.a(_fpcmp_parts_sf.o)
 .debug_info    0x00003cb7       0xc3 /usr/local/bin/../lib/gcc/msp430/4.7.2/mmpy-16/libgcc.a(_clz.o)
 .debug_info    0x00003d7a      0x16e /usr/local/bin/../lib/gcc/msp430/4.7.2/../../../../msp430/lib/mmpy-16/libc.a(printf.o)
 .debug_info    0x00003ee8      0x5d4 /usr/local/bin/../lib/gcc/msp430/4.7.2/../../../../msp430/lib/mmpy-16/libc.a(vuprintf.o)
 .debug_info    0x000044bc       0xc7 /usr/local/bin/../lib/gcc/msp430/4.7.2/../../../../msp430/lib/mmpy-16/libc.a(puts.o)
 .debug_info    0x00004583      0x146 /usr/local/bin/../lib/gcc/msp430/4.7.2/../../../../msp430/lib/mmpy-16/libc.a(rand.o)
 .debug_info    0x000046c9       0xe5 /usr/local/bin/../lib/gcc/msp430/4.7.2/../../../../msp430/lib/mmpy-16/libc.a(memcmp.o)
 .debug_info    0x000047ae      0x12c /usr/local/bin/../lib/gcc/msp430/4.7.2/../../../../msp430/lib/mmpy-16/libc.a(memcpy.o)
 .debug_info    0x000048da      0x117 /usr/local/bin/../lib/gcc/msp430/4.7.2/../../../../msp430/lib/mmpy-16/libc.a(memset.o)
 .debug_info    0x000049f1       0x8c /usr/local/bin/../lib/gcc/msp430/4.7.2/mmpy-16/libgcc.a(_mulsi3.o)
 .debug_info    0x00004a7d       0x8c /usr/local/bin/../lib/gcc/msp430/4.7.2/mmpy-16/libgcc.a(_udivmod16.o)
 .debug_info    0x00004b09       0x8c /usr/local/bin/../lib/gcc/msp430/4.7.2/mmpy-16/libgcc.a(_udivmod64.o)
 .debug_info    0x00004b95       0x8a /usr/local/bin/../lib/gcc/msp430/4.7.2/mmpy-16/libcrt0.a(__watchdog_support.o)
 .debug_info    0x00004c1f       0x8a /usr/local/bin/../lib/gcc/msp430/4.7.2/mmpy-16/libcrt0.a(__init_stack.o)
 .debug_info    0x00004ca9       0x8a /usr/local/bin/../lib/gcc/msp430/4.7.2/mmpy-16/libcrt0.a(_copy_data.o)
 .debug_info    0x00004d33       0x8a /usr/local/bin/../lib/gcc/msp430/4.7.2/mmpy-16/libcrt0.a(_clear_bss.o)
 .debug_info    0x00004dbd       0x8a /usr/local/bin/../lib/gcc/msp430/4.7.2/mmpy-16/libcrt0.a(_endless_loop__.o)
 .debug_info    0x00004e47       0x8a /usr/local/bin/../lib/gcc/msp430/4.7.2/mmpy-16/libcrt0.a(_unexpected_.o)
 *(.gnu.linkonce.wi.*)

.debug_abbrev   0x00000000     0x2837
 *(.debug_abbrev)
 .debug_abbrev  0x00000000       0x14 /usr/local/bin/../lib/gcc/msp430/4.7.2/mmpy-16/crt0ivtbl16.o
 .debug_abbrev  0x00000014      0x12b /usr/local/bin/../lib/gcc/msp430/4.7.2/../../../../msp430/lib/mmpy-16/libm.a(sf_modf.o)
 .debug_abbrev  0x0000013f      0x12d /usr/local/bin/../lib/gcc/msp430/4.7.2/../../../../msp430/lib/mmpy-16/libm.a(sf_cos.o)
 .debug_abbrev  0x0000026c       0xa7 /usr/local/bin/../lib/gcc/msp430/4.7.2/../../../../msp430/lib/mmpy-16/libm.a(kf_sin.o)
 .debug_abbrev  0x00000313       0xc8 /usr/local/bin/../lib/gcc/msp430/4.7.2/../../../../msp430/lib/mmpy-16/libm.a(kf_cos.o)